Jul 21 08:52:22 ip-172-31-43-220 kernel: Linux version 4.14.281-212.502.amzn2.x86_64 (mockbuild@ip-10-0-54-84) (gcc version 7.3.1 20180712 (Red Hat 7.3.1-13) (GCC)) #1 SMP Thu May 26 09:52:17 UTC 2022
Jul 21 08:52:22 ip-172-31-43-220 kernel: Command line: BOOT_IMAGE=/boot/vmlinuz-4.14.281-212.502.amzn2.x86_64 root=UUID=11ea48e5-4a29-4c1e-bb12-8138651b1870 ro console=tty0 console=ttyS0,115200n8 net.ifnames=0 biosdevname=0 nvme_core.io_timeout=4294967295 rd.emergency=poweroff rd.shell=0
Jul 21 08:52:22 ip-172-31-43-220 kernel: x86/fpu: Supporting XSAVE feature 0x001: 'x87 floating point registers'
Jul 21 08:52:22 ip-172-31-43-220 kernel: x86/fpu: Supporting XSAVE feature 0x002: 'SSE registers'
Jul 21 08:52:22 ip-172-31-43-220 kernel: x86/fpu: Supporting XSAVE feature 0x004: 'AVX registers'
Jul 21 08:52:22 ip-172-31-43-220 kernel: x86/fpu: xstate_offset[2]:  576, xstate_sizes[2]:  256
Jul 21 08:52:22 ip-172-31-43-220 kernel: x86/fpu: Enabled xstate features 0x7, context size is 832 bytes, using 'standard' format.
Jul 21 08:52:22 ip-172-31-43-220 kernel: e820: BIOS-provided physical RAM map:
Jul 21 08:52:22 ip-172-31-43-220 kernel: BIOS-e820: [mem 0x0000000000000000-0x000000000009dfff] usable
Jul 21 08:52:22 ip-172-31-43-220 kernel: BIOS-e820: [mem 0x000000000009e000-0x000000000009ffff] reserved
Jul 21 08:52:22 ip-172-31-43-220 kernel: BIOS-e820: [mem 0x00000000000e0000-0x00000000000fffff] reserved
Jul 21 08:52:22 ip-172-31-43-220 kernel: BIOS-e820: [mem 0x0000000000100000-0x000000003fffffff] usable
Jul 21 08:52:22 ip-172-31-43-220 kernel: BIOS-e820: [mem 0x00000000fc000000-0x00000000ffffffff] reserved
Jul 21 08:52:22 ip-172-31-43-220 kernel: NX (Execute Disable) protection: active
Jul 21 08:52:22 ip-172-31-43-220 kernel: SMBIOS 2.7 present.
Jul 21 08:52:22 ip-172-31-43-220 kernel: DMI: Xen HVM domU, BIOS 4.11.amazon 08/24/2006
Jul 21 08:52:22 ip-172-31-43-220 kernel: Hypervisor detected: Xen HVM
Jul 21 08:52:22 ip-172-31-43-220 kernel: Xen version 4.11.
Jul 21 08:52:22 ip-172-31-43-220 kernel: Netfront and the Xen platform PCI driver have been compiled for this kernel: unplug emulated NICs.
Jul 21 08:52:22 ip-172-31-43-220 kernel: Blkfront and the Xen platform PCI driver have been compiled for this kernel: unplug emulated disks.#012You might have to change the root device#012from /dev/hd[a-d] to /dev/xvd[a-d]#012in your root= kernel command line option
Jul 21 08:52:22 ip-172-31-43-220 kernel: tsc: Fast TSC calibration using PIT
Jul 21 08:52:22 ip-172-31-43-220 kernel: e820: last_pfn = 0x40000 max_arch_pfn = 0x400000000
Jul 21 08:52:22 ip-172-31-43-220 kernel: x86/PAT: Configuration [0-7]: WB  WC  UC- UC  WB  WP  UC- WT  
Jul 21 08:52:22 ip-172-31-43-220 kernel: found SMP MP-table at [mem 0x000fb9a0-0x000fb9af]
Jul 21 08:52:22 ip-172-31-43-220 kernel: Scanning 1 areas for low memory corruption
Jul 21 08:52:22 ip-172-31-43-220 kernel: RAMDISK: [mem 0x36bb7000-0x375d2fff]
Jul 21 08:52:22 ip-172-31-43-220 kernel: ACPI: Early table checksum verification disabled
Jul 21 08:52:22 ip-172-31-43-220 kernel: ACPI: RSDP 0x00000000000EA020 000024 (v02 Xen   )
Jul 21 08:52:22 ip-172-31-43-220 kernel: ACPI: XSDT 0x00000000FC00C780 000054 (v01 Xen    HVM      00000000 HVML 00000000)
Jul 21 08:52:22 ip-172-31-43-220 kernel: ACPI: FACP 0x00000000FC00C440 0000F4 (v04 Xen    HVM      00000000 HVML 00000000)
Jul 21 08:52:22 ip-172-31-43-220 kernel: ACPI: DSDT 0x00000000FC003940 008A7E (v02 Xen    HVM      00000000 INTL 20090123)
Jul 21 08:52:22 ip-172-31-43-220 kernel: ACPI: FACS 0x00000000FC003900 000040
Jul 21 08:52:22 ip-172-31-43-220 kernel: ACPI: FACS 0x00000000FC003900 000040
Jul 21 08:52:22 ip-172-31-43-220 kernel: ACPI: APIC 0x00000000FC00C540 0000D8 (v02 Xen    HVM      00000000 HVML 00000000)
Jul 21 08:52:22 ip-172-31-43-220 kernel: ACPI: HPET 0x00000000FC00C690 000038 (v01 Xen    HVM      00000000 HVML 00000000)
Jul 21 08:52:22 ip-172-31-43-220 kernel: ACPI: WAET 0x00000000FC00C6D0 000028 (v01 Xen    HVM      00000000 HVML 00000000)
Jul 21 08:52:22 ip-172-31-43-220 kernel: ACPI: SSDT 0x00000000FC00C700 000031 (v02 Xen    HVM      00000000 INTL 20090123)
Jul 21 08:52:22 ip-172-31-43-220 kernel: ACPI: SSDT 0x00000000FC00C740 000033 (v02 Xen    HVM      00000000 INTL 20090123)
Jul 21 08:52:22 ip-172-31-43-220 kernel: ACPI: Reserving FACP table memory at [mem 0xfc00c440-0xfc00c533]
Jul 21 08:52:22 ip-172-31-43-220 kernel: ACPI: Reserving DSDT table memory at [mem 0xfc003940-0xfc00c3bd]
Jul 21 08:52:22 ip-172-31-43-220 kernel: ACPI: Reserving FACS table memory at [mem 0xfc003900-0xfc00393f]
Jul 21 08:52:22 ip-172-31-43-220 kernel: ACPI: Reserving FACS table memory at [mem 0xfc003900-0xfc00393f]
Jul 21 08:52:22 ip-172-31-43-220 kernel: ACPI: Reserving APIC table memory at [mem 0xfc00c540-0xfc00c617]
Jul 21 08:52:22 ip-172-31-43-220 kernel: ACPI: Reserving HPET table memory at [mem 0xfc00c690-0xfc00c6c7]
Jul 21 08:52:22 ip-172-31-43-220 kernel: ACPI: Reserving WAET table memory at [mem 0xfc00c6d0-0xfc00c6f7]
Jul 21 08:52:22 ip-172-31-43-220 kernel: ACPI: Reserving SSDT table memory at [mem 0xfc00c700-0xfc00c730]
Jul 21 08:52:22 ip-172-31-43-220 kernel: ACPI: Reserving SSDT table memory at [mem 0xfc00c740-0xfc00c772]
Jul 21 08:52:22 ip-172-31-43-220 kernel: No NUMA configuration found
Jul 21 08:52:22 ip-172-31-43-220 kernel: Faking a node at [mem 0x0000000000000000-0x000000003fffffff]
Jul 21 08:52:22 ip-172-31-43-220 kernel: NODE_DATA(0) allocated [mem 0x3ffde000-0x3fffffff]
Jul 21 08:52:22 ip-172-31-43-220 kernel: Zone ranges:
Jul 21 08:52:22 ip-172-31-43-220 kernel:  DMA      [mem 0x0000000000001000-0x0000000000ffffff]
Jul 21 08:52:22 ip-172-31-43-220 kernel:  DMA32    [mem 0x0000000001000000-0x000000003fffffff]
Jul 21 08:52:22 ip-172-31-43-220 kernel:  Normal   empty
Jul 21 08:52:22 ip-172-31-43-220 kernel: Movable zone start for each node
Jul 21 08:52:22 ip-172-31-43-220 kernel: Early memory node ranges
Jul 21 08:52:22 ip-172-31-43-220 kernel:  node   0: [mem 0x0000000000001000-0x000000000009dfff]
Jul 21 08:52:22 ip-172-31-43-220 kernel:  node   0: [mem 0x0000000000100000-0x000000003fffffff]
Jul 21 08:52:22 ip-172-31-43-220 kernel: Initmem setup node 0 [mem 0x0000000000001000-0x000000003fffffff]
Jul 21 08:52:22 ip-172-31-43-220 kernel: ACPI: PM-Timer IO Port: 0xb008
Jul 21 08:52:22 ip-172-31-43-220 kernel: IOAPIC[0]: apic_id 1, version 17, address 0xfec00000, GSI 0-47
Jul 21 08:52:22 ip-172-31-43-220 kernel: ACPI: INT_SRC_OVR (bus 0 bus_irq 0 global_irq 2 dfl dfl)
Jul 21 08:52:22 ip-172-31-43-220 kernel: ACPI: INT_SRC_OVR (bus 0 bus_irq 5 global_irq 5 low level)
Jul 21 08:52:22 ip-172-31-43-220 kernel: ACPI: INT_SRC_OVR (bus 0 bus_irq 10 global_irq 10 low level)
Jul 21 08:52:22 ip-172-31-43-220 kernel: ACPI: INT_SRC_OVR (bus 0 bus_irq 11 global_irq 11 low level)
Jul 21 08:52:22 ip-172-31-43-220 kernel: Using ACPI (MADT) for SMP configuration information
Jul 21 08:52:22 ip-172-31-43-220 kernel: ACPI: HPET id: 0x8086a201 base: 0xfed00000
Jul 21 08:52:22 ip-172-31-43-220 kernel: TSC deadline timer available
Jul 21 08:52:22 ip-172-31-43-220 kernel: smpboot: Allowing 15 CPUs, 14 hotplug CPUs
Jul 21 08:52:22 ip-172-31-43-220 kernel: PM: Registered nosave memory: [mem 0x00000000-0x00000fff]
Jul 21 08:52:22 ip-172-31-43-220 kernel: PM: Registered nosave memory: [mem 0x0009e000-0x0009ffff]
Jul 21 08:52:22 ip-172-31-43-220 kernel: PM: Registered nosave memory: [mem 0x000a0000-0x000dffff]
Jul 21 08:52:22 ip-172-31-43-220 kernel: PM: Registered nosave memory: [mem 0x000e0000-0x000fffff]
Jul 21 08:52:22 ip-172-31-43-220 kernel: e820: [mem 0x40000000-0xfbffffff] available for PCI devices
Jul 21 08:52:22 ip-172-31-43-220 kernel: Booting paravirtualized kernel on Xen HVM
Jul 21 08:52:22 ip-172-31-43-220 kernel: clocksource: refined-jiffies: mask: 0xffffffff max_cycles: 0xffffffff, max_idle_ns: 7645519600211568 ns
Jul 21 08:52:22 ip-172-31-43-220 kernel: random: get_random_bytes called from start_kernel+0x94/0x4eb with crng_init=0
Jul 21 08:52:22 ip-172-31-43-220 kernel: setup_percpu: NR_CPUS:8192 nr_cpumask_bits:15 nr_cpu_ids:15 nr_node_ids:1
Jul 21 08:52:22 ip-172-31-43-220 kernel: percpu: Embedded 49 pages/cpu s161560 r8192 d30952 u262144
Jul 21 08:52:22 ip-172-31-43-220 kernel: PV qspinlock hash table entries: 256 (order: 0, 4096 bytes)
Jul 21 08:52:22 ip-172-31-43-220 kernel: Fallback order for Node 0: 0 
Jul 21 08:52:22 ip-172-31-43-220 kernel: Built 1 zonelists, mobility grouping on.  Total pages: 257928
Jul 21 08:52:22 ip-172-31-43-220 kernel: Policy zone: DMA32
Jul 21 08:52:22 ip-172-31-43-220 kernel: Kernel command line: BOOT_IMAGE=/boot/vmlinuz-4.14.281-212.502.amzn2.x86_64 root=UUID=11ea48e5-4a29-4c1e-bb12-8138651b1870 ro console=tty0 console=ttyS0,115200n8 net.ifnames=0 biosdevname=0 nvme_core.io_timeout=4294967295 rd.emergency=poweroff rd.shell=0
Jul 21 08:52:22 ip-172-31-43-220 kernel: PID hash table entries: 4096 (order: 3, 32768 bytes)
Jul 21 08:52:22 ip-172-31-43-220 kernel: Memory: 990176K/1048180K available (10252K kernel code, 2149K rwdata, 3040K rodata, 2220K init, 4244K bss, 58004K reserved, 0K cma-reserved)
Jul 21 08:52:22 ip-172-31-43-220 kernel: SLUB: HWalign=64, Order=0-3, MinObjects=0, CPUs=15, Nodes=1
Jul 21 08:52:22 ip-172-31-43-220 kernel: Kernel/User page tables isolation: enabled
Jul 21 08:52:22 ip-172-31-43-220 kernel: ftrace: allocating 30159 entries in 118 pages
Jul 21 08:52:22 ip-172-31-43-220 kernel: Hierarchical RCU implementation.
Jul 21 08:52:22 ip-172-31-43-220 kernel: #011RCU restricting CPUs from NR_CPUS=8192 to nr_cpu_ids=15.
Jul 21 08:52:22 ip-172-31-43-220 kernel: RCU: Adjusting geometry for rcu_fanout_leaf=16, nr_cpu_ids=15
Jul 21 08:52:22 ip-172-31-43-220 kernel: NR_IRQS: 524544, nr_irqs: 952, preallocated irqs: 16
Jul 21 08:52:22 ip-172-31-43-220 kernel: xen:events: Using 2-level ABI
Jul 21 08:52:22 ip-172-31-43-220 kernel: xen:events: Xen HVM callback vector for event delivery is enabled
Jul 21 08:52:22 ip-172-31-43-220 kernel: Console: colour VGA+ 80x25
Jul 21 08:52:22 ip-172-31-43-220 kernel: console [tty0] enabled
Jul 21 08:52:22 ip-172-31-43-220 kernel: Cannot get hvm parameter CONSOLE_EVTCHN (18): -22!
Jul 21 08:52:22 ip-172-31-43-220 kernel: console [ttyS0] enabled
Jul 21 08:52:22 ip-172-31-43-220 kernel: clocksource: hpet: mask: 0xffffffff max_cycles: 0xffffffff, max_idle_ns: 30580167144 ns
Jul 21 08:52:22 ip-172-31-43-220 kernel: tsc: Fast TSC calibration using PIT
Jul 21 08:52:22 ip-172-31-43-220 kernel: tsc: Detected 2400.067 MHz processor
Jul 21 08:52:22 ip-172-31-43-220 kernel: Calibrating delay loop (skipped), value calculated using timer frequency.. 4800.02 BogoMIPS (lpj=9600056)
Jul 21 08:52:22 ip-172-31-43-220 kernel: pid_max: default: 32768 minimum: 301
Jul 21 08:52:22 ip-172-31-43-220 kernel: ACPI: Core revision 20170728
Jul 21 08:52:22 ip-172-31-43-220 kernel: ACPI: 3 ACPI AML tables successfully acquired and loaded
Jul 21 08:52:22 ip-172-31-43-220 kernel: Security Framework initialized
Jul 21 08:52:22 ip-172-31-43-220 kernel: Yama: becoming mindful.
Jul 21 08:52:22 ip-172-31-43-220 kernel: SELinux:  Initializing.
Jul 21 08:52:22 ip-172-31-43-220 kernel: Dentry cache hash table entries: 131072 (order: 8, 1048576 bytes)
Jul 21 08:52:22 ip-172-31-43-220 kernel: Inode-cache hash table entries: 65536 (order: 7, 524288 bytes)
Jul 21 08:52:22 ip-172-31-43-220 kernel: Mount-cache hash table entries: 2048 (order: 2, 16384 bytes)
Jul 21 08:52:22 ip-172-31-43-220 kernel: Mountpoint-cache hash table entries: 2048 (order: 2, 16384 bytes)
Jul 21 08:52:22 ip-172-31-43-220 kernel: Last level iTLB entries: 4KB 1024, 2MB 1024, 4MB 1024
Jul 21 08:52:22 ip-172-31-43-220 kernel: Last level dTLB entries: 4KB 1024, 2MB 1024, 4MB 1024, 1GB 4
Jul 21 08:52:22 ip-172-31-43-220 kernel: Spectre V1 : Mitigation: usercopy/swapgs barriers and __user pointer sanitization
Jul 21 08:52:22 ip-172-31-43-220 kernel: Spectre V2 : Mitigation: Retpolines
Jul 21 08:52:22 ip-172-31-43-220 kernel: Spectre V2 : Spectre v2 / SpectreRSB mitigation: Filling RSB on context switch
Jul 21 08:52:22 ip-172-31-43-220 kernel: Speculative Store Bypass: Vulnerable
Jul 21 08:52:22 ip-172-31-43-220 kernel: MDS: Vulnerable: Clear CPU buffers attempted, no microcode
Jul 21 08:52:22 ip-172-31-43-220 kernel: smpboot: Max logical packages: 15
Jul 21 08:52:22 ip-172-31-43-220 kernel: x2apic: IRQ remapping doesn't support X2APIC mode
Jul 21 08:52:22 ip-172-31-43-220 kernel: Switched APIC routing to physical flat.
Jul 21 08:52:22 ip-172-31-43-220 kernel: ..TIMER: vector=0x30 apic1=0 pin1=2 apic2=0 pin2=0
Jul 21 08:52:22 ip-172-31-43-220 kernel: clocksource: xen: mask: 0xffffffffffffffff max_cycles: 0x1cd42e4dffb, max_idle_ns: 881590591483 ns
Jul 21 08:52:22 ip-172-31-43-220 kernel: installing Xen timer for CPU 0
Jul 21 08:52:22 ip-172-31-43-220 kernel: smpboot: CPU0: Intel(R) Xeon(R) CPU E5-2676 v3 @ 2.40GHz (family: 0x6, model: 0x3f, stepping: 0x2)
Jul 21 08:52:22 ip-172-31-43-220 kernel: cpu 0 spinlock event irq 53
Jul 21 08:52:22 ip-172-31-43-220 kernel: Performance Events: unsupported p6 CPU model 63 no PMU driver, software events only.
Jul 21 08:52:22 ip-172-31-43-220 kernel: Hierarchical SRCU implementation.
Jul 21 08:52:22 ip-172-31-43-220 kernel: NMI watchdog: Perf event create on CPU 0 failed with -2
Jul 21 08:52:22 ip-172-31-43-220 kernel: NMI watchdog: Perf NMI watchdog permanently disabled
Jul 21 08:52:22 ip-172-31-43-220 kernel: smp: Bringing up secondary CPUs ...
Jul 21 08:52:22 ip-172-31-43-220 kernel: smp: Brought up 1 node, 1 CPU
Jul 21 08:52:22 ip-172-31-43-220 kernel: smpboot: Total of 1 processors activated (4800.02 BogoMIPS)
Jul 21 08:52:22 ip-172-31-43-220 kernel: devtmpfs: initialized
Jul 21 08:52:22 ip-172-31-43-220 kernel: x86/mm: Memory block size: 128MB
Jul 21 08:52:22 ip-172-31-43-220 kernel: clocksource: jiffies: mask: 0xffffffff max_cycles: 0xffffffff, max_idle_ns: 7645041785100000 ns
Jul 21 08:52:22 ip-172-31-43-220 kernel: futex hash table entries: 4096 (order: 6, 262144 bytes)
Jul 21 08:52:22 ip-172-31-43-220 kernel: NET: Registered protocol family 16
Jul 21 08:52:22 ip-172-31-43-220 kernel: cpuidle: using governor ladder
Jul 21 08:52:22 ip-172-31-43-220 kernel: cpuidle: using governor menu
Jul 21 08:52:22 ip-172-31-43-220 kernel: ACPI: bus type PCI registered
Jul 21 08:52:22 ip-172-31-43-220 kernel: acpiphp: ACPI Hot Plug PCI Controller Driver version: 0.5
Jul 21 08:52:22 ip-172-31-43-220 kernel: PCI: Using configuration type 1 for base access
Jul 21 08:52:22 ip-172-31-43-220 kernel: HugeTLB registered 2.00 MiB page size, pre-allocated 0 pages
Jul 21 08:52:22 ip-172-31-43-220 kernel: ACPI: Added _OSI(Module Device)
Jul 21 08:52:22 ip-172-31-43-220 kernel: ACPI: Added _OSI(Processor Device)
Jul 21 08:52:22 ip-172-31-43-220 kernel: ACPI: Added _OSI(3.0 _SCP Extensions)
Jul 21 08:52:22 ip-172-31-43-220 kernel: ACPI: Added _OSI(Processor Aggregator Device)
Jul 21 08:52:22 ip-172-31-43-220 kernel: ACPI: Interpreter enabled
Jul 21 08:52:22 ip-172-31-43-220 kernel: ACPI: (supports S0 S4 S5)
Jul 21 08:52:22 ip-172-31-43-220 kernel: ACPI: Using IOAPIC for interrupt routing
Jul 21 08:52:22 ip-172-31-43-220 kernel: PCI: Using host bridge windows from ACPI; if necessary, use "pci=nocrs" and report a bug
Jul 21 08:52:22 ip-172-31-43-220 kernel: ACPI: Enabled 2 GPEs in block 00 to 0F
Jul 21 08:52:22 ip-172-31-43-220 kernel: ACPI: PCI Root Bridge [PCI0] (domain 0000 [bus 00-ff])
Jul 21 08:52:22 ip-172-31-43-220 kernel: acpi PNP0A03:00: _OSC: OS supports [ASPM ClockPM Segments MSI]
Jul 21 08:52:22 ip-172-31-43-220 kernel: acpi PNP0A03:00: _OSC failed (AE_NOT_FOUND); disabling ASPM
Jul 21 08:52:22 ip-172-31-43-220 kernel: acpi PNP0A03:00: fail to add MMCONFIG information, can't access extended PCI configuration space under this bridge.
Jul 21 08:52:22 ip-172-31-43-220 kernel: acpiphp: Slot [0] registered
Jul 21 08:52:22 ip-172-31-43-220 kernel: acpiphp: Slot [3] registered
Jul 21 08:52:22 ip-172-31-43-220 kernel: acpiphp: Slot [4] registered
Jul 21 08:52:22 ip-172-31-43-220 kernel: acpiphp: Slot [5] registered
Jul 21 08:52:22 ip-172-31-43-220 kernel: acpiphp: Slot [6] registered
Jul 21 08:52:22 ip-172-31-43-220 kernel: acpiphp: Slot [7] registered
Jul 21 08:52:22 ip-172-31-43-220 kernel: acpiphp: Slot [8] registered
Jul 21 08:52:22 ip-172-31-43-220 kernel: acpiphp: Slot [9] registered
Jul 21 08:52:22 ip-172-31-43-220 kernel: acpiphp: Slot [10] registered
Jul 21 08:52:22 ip-172-31-43-220 kernel: acpiphp: Slot [11] registered
Jul 21 08:52:22 ip-172-31-43-220 kernel: acpiphp: Slot [12] registered
Jul 21 08:52:22 ip-172-31-43-220 kernel: acpiphp: Slot [13] registered
Jul 21 08:52:22 ip-172-31-43-220 kernel: acpiphp: Slot [14] registered
Jul 21 08:52:22 ip-172-31-43-220 kernel: acpiphp: Slot [15] registered
Jul 21 08:52:22 ip-172-31-43-220 kernel: acpiphp: Slot [16] registered
Jul 21 08:52:22 ip-172-31-43-220 kernel: acpiphp: Slot [17] registered
Jul 21 08:52:22 ip-172-31-43-220 kernel: acpiphp: Slot [18] registered
Jul 21 08:52:22 ip-172-31-43-220 kernel: acpiphp: Slot [19] registered
Jul 21 08:52:22 ip-172-31-43-220 kernel: acpiphp: Slot [20] registered
Jul 21 08:52:22 ip-172-31-43-220 kernel: acpiphp: Slot [21] registered
Jul 21 08:52:22 ip-172-31-43-220 kernel: acpiphp: Slot [22] registered
Jul 21 08:52:22 ip-172-31-43-220 kernel: acpiphp: Slot [23] registered
Jul 21 08:52:22 ip-172-31-43-220 kernel: acpiphp: Slot [24] registered
Jul 21 08:52:22 ip-172-31-43-220 kernel: acpiphp: Slot [25] registered
Jul 21 08:52:22 ip-172-31-43-220 kernel: acpiphp: Slot [26] registered
Jul 21 08:52:22 ip-172-31-43-220 kernel: acpiphp: Slot [27] registered
Jul 21 08:52:22 ip-172-31-43-220 kernel: acpiphp: Slot [28] registered
Jul 21 08:52:22 ip-172-31-43-220 kernel: acpiphp: Slot [29] registered
Jul 21 08:52:22 ip-172-31-43-220 kernel: acpiphp: Slot [30] registered
Jul 21 08:52:22 ip-172-31-43-220 kernel: acpiphp: Slot [31] registered
Jul 21 08:52:22 ip-172-31-43-220 kernel: PCI host bridge to bus 0000:00
Jul 21 08:52:22 ip-172-31-43-220 kernel: pci_bus 0000:00: root bus resource [io  0x0000-0x0cf7 window]
Jul 21 08:52:22 ip-172-31-43-220 kernel: pci_bus 0000:00: root bus resource [io  0x0d00-0xffff window]
Jul 21 08:52:22 ip-172-31-43-220 kernel: pci_bus 0000:00: root bus resource [mem 0x000a0000-0x000bffff window]
Jul 21 08:52:22 ip-172-31-43-220 kernel: pci_bus 0000:00: root bus resource [mem 0xf0000000-0xfbffffff window]
Jul 21 08:52:22 ip-172-31-43-220 kernel: pci_bus 0000:00: root bus resource [bus 00-ff]
Jul 21 08:52:22 ip-172-31-43-220 kernel: pci 0000:00:01.1: legacy IDE quirk: reg 0x10: [io  0x01f0-0x01f7]
Jul 21 08:52:22 ip-172-31-43-220 kernel: pci 0000:00:01.1: legacy IDE quirk: reg 0x14: [io  0x03f6]
Jul 21 08:52:22 ip-172-31-43-220 kernel: pci 0000:00:01.1: legacy IDE quirk: reg 0x18: [io  0x0170-0x0177]
Jul 21 08:52:22 ip-172-31-43-220 kernel: pci 0000:00:01.1: legacy IDE quirk: reg 0x1c: [io  0x0376]
Jul 21 08:52:22 ip-172-31-43-220 kernel: * Found PM-Timer Bug on the chipset. Due to workarounds for a bug,#012* this clock source is slow. Consider trying other clock sources
Jul 21 08:52:22 ip-172-31-43-220 kernel: pci 0000:00:01.3: quirk: [io  0xb000-0xb03f] claimed by PIIX4 ACPI
Jul 21 08:52:22 ip-172-31-43-220 kernel: ACPI: PCI Interrupt Link [LNKA] (IRQs *5 10 11)
Jul 21 08:52:22 ip-172-31-43-220 kernel: ACPI: PCI Interrupt Link [LNKB] (IRQs 5 *10 11)
Jul 21 08:52:22 ip-172-31-43-220 kernel: ACPI: PCI Interrupt Link [LNKC] (IRQs 5 10 *11)
Jul 21 08:52:22 ip-172-31-43-220 kernel: ACPI: PCI Interrupt Link [LNKD] (IRQs *5 10 11)
Jul 21 08:52:22 ip-172-31-43-220 kernel: xen:balloon: Initialising balloon driver
Jul 21 08:52:22 ip-172-31-43-220 kernel: pci 0000:00:02.0: vgaarb: setting as boot VGA device
Jul 21 08:52:22 ip-172-31-43-220 kernel: pci 0000:00:02.0: vgaarb: VGA device added: decodes=io+mem,owns=io+mem,locks=none
Jul 21 08:52:22 ip-172-31-43-220 kernel: pci 0000:00:02.0: vgaarb: bridge control possible
Jul 21 08:52:22 ip-172-31-43-220 kernel: vgaarb: loaded
Jul 21 08:52:22 ip-172-31-43-220 kernel: EDAC MC: Ver: 3.0.0
Jul 21 08:52:22 ip-172-31-43-220 kernel: PCI: Using ACPI for IRQ routing
Jul 21 08:52:22 ip-172-31-43-220 kernel: NetLabel: Initializing
Jul 21 08:52:22 ip-172-31-43-220 kernel: NetLabel:  domain hash size = 128
Jul 21 08:52:22 ip-172-31-43-220 kernel: NetLabel:  protocols = UNLABELED CIPSOv4 CALIPSO
Jul 21 08:52:22 ip-172-31-43-220 kernel: NetLabel:  unlabeled traffic allowed by default
Jul 21 08:52:22 ip-172-31-43-220 kernel: HPET: 3 timers in total, 0 timers will be used for per-cpu timer
Jul 21 08:52:22 ip-172-31-43-220 kernel: hpet0: at MMIO 0xfed00000, IRQs 2, 8, 0
Jul 21 08:52:22 ip-172-31-43-220 kernel: hpet0: 3 comparators, 64-bit 62.500000 MHz counter
Jul 21 08:52:22 ip-172-31-43-220 kernel: clocksource: Switched to clocksource xen
Jul 21 08:52:22 ip-172-31-43-220 kernel: VFS: Disk quotas dquot_6.6.0
Jul 21 08:52:22 ip-172-31-43-220 kernel: VFS: Dquot-cache hash table entries: 512 (order 0, 4096 bytes)
Jul 21 08:52:22 ip-172-31-43-220 kernel: pnp: PnP ACPI init
Jul 21 08:52:22 ip-172-31-43-220 kernel: system 00:00: [mem 0x00000000-0x0009ffff] could not be reserved
Jul 21 08:52:22 ip-172-31-43-220 kernel: system 00:01: [io  0x08a0-0x08a3] has been reserved
Jul 21 08:52:22 ip-172-31-43-220 kernel: system 00:01: [io  0x0cc0-0x0ccf] has been reserved
Jul 21 08:52:22 ip-172-31-43-220 kernel: system 00:01: [io  0x04d0-0x04d1] has been reserved
Jul 21 08:52:22 ip-172-31-43-220 kernel: system 00:07: [io  0x10c0-0x1141] has been reserved
Jul 21 08:52:22 ip-172-31-43-220 kernel: system 00:07: [io  0xb044-0xb047] has been reserved
Jul 21 08:52:22 ip-172-31-43-220 kernel: pnp: PnP ACPI: found 8 devices
Jul 21 08:52:22 ip-172-31-43-220 kernel: clocksource: acpi_pm: mask: 0xffffff max_cycles: 0xffffff, max_idle_ns: 2085701024 ns
Jul 21 08:52:22 ip-172-31-43-220 kernel: NET: Registered protocol family 2
Jul 21 08:52:22 ip-172-31-43-220 kernel: IP idents hash table entries: 16384 (order: 5, 131072 bytes)
Jul 21 08:52:22 ip-172-31-43-220 kernel: TCP established hash table entries: 8192 (order: 4, 65536 bytes)
Jul 21 08:52:22 ip-172-31-43-220 kernel: TCP bind hash table entries: 8192 (order: 5, 131072 bytes)
Jul 21 08:52:22 ip-172-31-43-220 kernel: TCP: Hash tables configured (established 8192 bind 8192)
Jul 21 08:52:22 ip-172-31-43-220 kernel: UDP hash table entries: 512 (order: 2, 16384 bytes)
Jul 21 08:52:22 ip-172-31-43-220 kernel: UDP-Lite hash table entries: 512 (order: 2, 16384 bytes)
Jul 21 08:52:22 ip-172-31-43-220 kernel: NET: Registered protocol family 1
Jul 21 08:52:22 ip-172-31-43-220 kernel: pci 0000:00:00.0: Limiting direct PCI/PCI transfers
Jul 21 08:52:22 ip-172-31-43-220 kernel: pci 0000:00:01.0: PIIX3: Enabling Passive Release
Jul 21 08:52:22 ip-172-31-43-220 kernel: pci 0000:00:01.0: Activating ISA DMA hang workarounds
Jul 21 08:52:22 ip-172-31-43-220 kernel: pci 0000:00:02.0: Video device with shadowed ROM at [mem 0x000c0000-0x000dffff]
Jul 21 08:52:22 ip-172-31-43-220 kernel: Unpacking initramfs...
Jul 21 08:52:22 ip-172-31-43-220 kernel: Freeing initrd memory: 10352K
Jul 21 08:52:22 ip-172-31-43-220 kernel: Scanning for low memory corruption every 60 seconds
Jul 21 08:52:22 ip-172-31-43-220 kernel: audit: initializing netlink subsys (disabled)
Jul 21 08:52:22 ip-172-31-43-220 kernel: Initialise system trusted keyrings
Jul 21 08:52:22 ip-172-31-43-220 kernel: Key type blacklist registered
Jul 21 08:52:22 ip-172-31-43-220 kernel: audit: type=2000 audit(1658393541.180:1): state=initialized audit_enabled=0 res=1
Jul 21 08:52:22 ip-172-31-43-220 kernel: workingset: timestamp_bits=36 max_order=18 bucket_order=0
Jul 21 08:52:22 ip-172-31-43-220 kernel: zbud: loaded
Jul 21 08:52:22 ip-172-31-43-220 kernel: SGI XFS with ACLs, security attributes, no debug enabled
Jul 21 08:52:22 ip-172-31-43-220 kernel: Key type asymmetric registered
Jul 21 08:52:22 ip-172-31-43-220 kernel: Asymmetric key parser 'x509' registered
Jul 21 08:52:22 ip-172-31-43-220 kernel: Block layer SCSI generic (bsg) driver version 0.4 loaded (major 251)
Jul 21 08:52:22 ip-172-31-43-220 kernel: io scheduler noop registered (default)
Jul 21 08:52:22 ip-172-31-43-220 kernel: io scheduler cfq registered
Jul 21 08:52:22 ip-172-31-43-220 kernel: crc32: CRC_LE_BITS = 64, CRC_BE BITS = 64
Jul 21 08:52:22 ip-172-31-43-220 kernel: crc32: self tests passed, processed 225944 bytes in 173695 nsec
Jul 21 08:52:22 ip-172-31-43-220 kernel: crc32c: CRC_LE_BITS = 64
Jul 21 08:52:22 ip-172-31-43-220 kernel: crc32c: self tests passed, processed 225944 bytes in 86824 nsec
Jul 21 08:52:22 ip-172-31-43-220 kernel: crc32_combine: 8373 self tests passed
Jul 21 08:52:22 ip-172-31-43-220 kernel: random: fast init done
Jul 21 08:52:22 ip-172-31-43-220 kernel: crc32c_combine: 8373 self tests passed
Jul 21 08:52:22 ip-172-31-43-220 kernel: xen:grant_table: Grant tables using version 1 layout
Jul 21 08:52:22 ip-172-31-43-220 kernel: Grant table initialized
Jul 21 08:52:22 ip-172-31-43-220 kernel: Cannot get hvm parameter CONSOLE_EVTCHN (18): -22!
Jul 21 08:52:22 ip-172-31-43-220 kernel: Serial: 8250/16550 driver, 4 ports, IRQ sharing disabled
Jul 21 08:52:22 ip-172-31-43-220 kernel: 00:06: ttyS0 at I/O 0x3f8 (irq = 4, base_baud = 115200) is a 16550A
Jul 21 08:52:22 ip-172-31-43-220 kernel: xen_netfront: Initialising Xen virtual ethernet driver
Jul 21 08:52:22 ip-172-31-43-220 kernel: i8042: PNP: PS/2 Controller [PNP0303:PS2K,PNP0f13:PS2M] at 0x60,0x64 irq 1,12
Jul 21 08:52:22 ip-172-31-43-220 kernel: serio: i8042 KBD port at 0x60,0x64 irq 1
Jul 21 08:52:22 ip-172-31-43-220 kernel: serio: i8042 AUX port at 0x60,0x64 irq 12
Jul 21 08:52:22 ip-172-31-43-220 kernel: input: AT Translated Set 2 keyboard as /devices/platform/i8042/serio0/input/input0
Jul 21 08:52:22 ip-172-31-43-220 kernel: rtc_cmos 00:02: rtc core: registered rtc_cmos as rtc0
Jul 21 08:52:22 ip-172-31-43-220 kernel: rtc_cmos 00:02: alarms up to one day, 114 bytes nvram, hpet irqs
Jul 21 08:52:22 ip-172-31-43-220 kernel: hidraw: raw HID events driver (C) Jiri Kosina
Jul 21 08:52:22 ip-172-31-43-220 kernel: ip_tables: (C) 2000-2006 Netfilter Core Team
Jul 21 08:52:22 ip-172-31-43-220 kernel: NET: Registered protocol family 10
Jul 21 08:52:22 ip-172-31-43-220 kernel: Segment Routing with IPv6
Jul 21 08:52:22 ip-172-31-43-220 kernel: ip6_tables: (C) 2000-2006 Netfilter Core Team
Jul 21 08:52:22 ip-172-31-43-220 kernel: NET: Registered protocol family 17
Jul 21 08:52:22 ip-172-31-43-220 kernel: mce: Using 2 MCE banks
Jul 21 08:52:22 ip-172-31-43-220 kernel: sched_clock: Marking stable (1284636602, 0)->(2451151754, -1166515152)
Jul 21 08:52:22 ip-172-31-43-220 kernel: registered taskstats version 1
Jul 21 08:52:22 ip-172-31-43-220 kernel: Loading compiled-in X.509 certificates
Jul 21 08:52:22 ip-172-31-43-220 kernel: Loaded X.509 cert 'Build time autogenerated kernel key: 6cd99593637ff231ae0011bd49fef13d3d7a6e47'
Jul 21 08:52:22 ip-172-31-43-220 kernel: zswap: loaded using pool lzo/zbud
Jul 21 08:52:22 ip-172-31-43-220 kernel: ima: No TPM chip found, activating TPM-bypass! (rc=-19)
Jul 21 08:52:22 ip-172-31-43-220 kernel: ima: Allocated hash algorithm: sha1
Jul 21 08:52:22 ip-172-31-43-220 kernel: xenbus_probe_frontend: Device with no driver: device/vbd/51712
Jul 21 08:52:22 ip-172-31-43-220 kernel: rtc_cmos 00:02: setting system clock to 2022-07-21 08:52:22 UTC (1658393542)
Jul 21 08:52:22 ip-172-31-43-220 kernel: Freeing unused kernel memory: 2220K
Jul 21 08:52:22 ip-172-31-43-220 kernel: Write protecting the kernel read-only data: 16384k
Jul 21 08:52:22 ip-172-31-43-220 kernel: Freeing unused kernel memory: 2016K
Jul 21 08:52:22 ip-172-31-43-220 kernel: Freeing unused kernel memory: 1056K
Jul 21 08:52:22 ip-172-31-43-220 systemd[1]: Inserted module 'autofs4'
Jul 21 08:52:22 ip-172-31-43-220 kernel: random: systemd: uninitialized urandom read (16 bytes read)
Jul 21 08:52:22 ip-172-31-43-220 kernel: random: systemd: uninitialized urandom read (16 bytes read)
Jul 21 08:52:22 ip-172-31-43-220 kernel: random: systemd: uninitialized urandom read (16 bytes read)
Jul 21 08:52:22 ip-172-31-43-220 systemd[1]: systemd 219 running in system mode. (+PAM +AUDIT +SELINUX +IMA -APPARMOR +SMACK +SYSVINIT +UTMP +LIBCRYPTSETUP +GCRYPT +GNUTLS +ACL +XZ +LZ4 -SECCOMP +BLKID +ELFUTILS +KMOD +IDN)
Jul 21 08:52:22 ip-172-31-43-220 systemd[1]: Detected virtualization xen.
Jul 21 08:52:22 ip-172-31-43-220 systemd[1]: Detected architecture x86-64.
Jul 21 08:52:22 ip-172-31-43-220 systemd[1]: Running in initial RAM disk.
Jul 21 08:52:22 ip-172-31-43-220 systemd[1]: No hostname configured.
Jul 21 08:52:22 ip-172-31-43-220 systemd[1]: Set hostname to <localhost>.
Jul 21 08:52:22 ip-172-31-43-220 systemd[1]: Initializing machine ID from random generator.
Jul 21 08:52:22 ip-172-31-43-220 systemd[1]: Reached target Local File Systems.
Jul 21 08:52:22 ip-172-31-43-220 systemd[1]: Started Dispatch Password Requests to Console Directory Watch.
Jul 21 08:52:22 ip-172-31-43-220 systemd[1]: Reached target Paths.
Jul 21 08:52:22 ip-172-31-43-220 journal: Journal started
Jul 21 08:52:22 ip-172-31-43-220 systemd: Started Create list of required static device nodes for the current kernel.
Jul 21 08:52:22 ip-172-31-43-220 systemd: Started Apply Kernel Variables.
Jul 21 08:52:22 ip-172-31-43-220 systemd: Starting Create Static Device Nodes in /dev...
Jul 21 08:52:22 ip-172-31-43-220 systemd: Started Create Static Device Nodes in /dev.
Jul 21 08:52:22 ip-172-31-43-220 systemd: Starting udev Kernel Device Manager...
Jul 21 08:52:22 ip-172-31-43-220 systemd-udevd: starting version 219
Jul 21 08:52:22 ip-172-31-43-220 systemd-udevd: Network interface NamePolicy= disabled on kernel command line, ignoring.
Jul 21 08:52:22 ip-172-31-43-220 systemd: Started udev Kernel Device Manager.
Jul 21 08:52:22 ip-172-31-43-220 systemd: Starting dracut pre-trigger hook...
Jul 21 08:52:22 ip-172-31-43-220 systemd: Started dracut pre-trigger hook.
Jul 21 08:52:22 ip-172-31-43-220 systemd: Starting udev Coldplug all Devices...
Jul 21 08:52:22 ip-172-31-43-220 systemd-udevd: Network interface NamePolicy= disabled on kernel command line, ignoring.
Jul 21 08:52:22 ip-172-31-43-220 systemd: Started udev Coldplug all Devices.
Jul 21 08:52:22 ip-172-31-43-220 systemd: Reached target System Initialization.
Jul 21 08:52:22 ip-172-31-43-220 systemd: Reached target Basic System.
Jul 21 08:52:22 ip-172-31-43-220 systemd: Starting dracut initqueue hook...
Jul 21 08:52:23 ip-172-31-43-220 kernel: tsc: Refined TSC clocksource calibration: 2400.019 MHz
Jul 21 08:52:23 ip-172-31-43-220 kernel: clocksource: tsc: mask: 0xffffffffffffffff max_cycles: 0x2298499572e, max_idle_ns: 440795279997 ns
Jul 21 08:52:23 ip-172-31-43-220 kernel: SCSI subsystem initialized
Jul 21 08:52:23 ip-172-31-43-220 kernel: Invalid max_queues (4), will use default max: 1.
Jul 21 08:52:23 ip-172-31-43-220 kernel: scsi host0: ata_piix
Jul 21 08:52:23 ip-172-31-43-220 kernel: scsi host1: ata_piix
Jul 21 08:52:23 ip-172-31-43-220 kernel: ata1: PATA max MWDMA2 cmd 0x1f0 ctl 0x3f6 bmdma 0xc100 irq 14
Jul 21 08:52:23 ip-172-31-43-220 kernel: ata2: PATA max MWDMA2 cmd 0x170 ctl 0x376 bmdma 0xc108 irq 15
Jul 21 08:52:23 ip-172-31-43-220 kernel: blkfront: xvda: barrier or flush: disabled; persistent grants: disabled; indirect descriptors: enabled;
Jul 21 08:52:23 ip-172-31-43-220 kernel: xvda: xvda1
Jul 21 08:52:23 ip-172-31-43-220 systemd: Found device /dev/disk/by-uuid/11ea48e5-4a29-4c1e-bb12-8138651b1870.
Jul 21 08:52:23 ip-172-31-43-220 systemd: Starting File System Check on /dev/disk/by-uuid/11ea48e5-4a29-4c1e-bb12-8138651b1870...
Jul 21 08:52:23 ip-172-31-43-220 systemd-fsck: fsck.xfs doesn't exist, not checking file system on /dev/disk/by-uuid/11ea48e5-4a29-4c1e-bb12-8138651b1870
Jul 21 08:52:23 ip-172-31-43-220 systemd: Started dracut initqueue hook.
Jul 21 08:52:23 ip-172-31-43-220 systemd: Started File System Check on /dev/disk/by-uuid/11ea48e5-4a29-4c1e-bb12-8138651b1870.
Jul 21 08:52:23 ip-172-31-43-220 systemd: Mounting /sysroot...
Jul 21 08:52:23 ip-172-31-43-220 systemd: Reached target Remote File Systems (Pre).
Jul 21 08:52:23 ip-172-31-43-220 systemd: Reached target Remote File Systems.
Jul 21 08:52:23 ip-172-31-43-220 kernel: XFS (xvda1): Mounting V5 Filesystem
Jul 21 08:52:23 ip-172-31-43-220 kernel: XFS (xvda1): Ending clean mount
Jul 21 08:52:23 ip-172-31-43-220 systemd: Mounted /sysroot.
Jul 21 08:52:23 ip-172-31-43-220 systemd: Reached target Initrd Root File System.
Jul 21 08:52:23 ip-172-31-43-220 systemd: Starting Reload Configuration from the Real Root...
Jul 21 08:52:23 ip-172-31-43-220 systemd: Reloading.
Jul 21 08:52:23 ip-172-31-43-220 systemd: Started Reload Configuration from the Real Root.
Jul 21 08:52:23 ip-172-31-43-220 systemd: Reached target Initrd File Systems.
Jul 21 08:52:23 ip-172-31-43-220 systemd: Reached target Initrd Default Target.
Jul 21 08:52:23 ip-172-31-43-220 systemd: Starting dracut pre-pivot and cleanup hook...
Jul 21 08:52:23 ip-172-31-43-220 systemd: Started dracut pre-pivot and cleanup hook.
Jul 21 08:52:23 ip-172-31-43-220 systemd: Starting Cleaning Up and Shutting Down Daemons...
Jul 21 08:52:23 ip-172-31-43-220 systemd: Started Cleaning Up and Shutting Down Daemons.
Jul 21 08:52:23 ip-172-31-43-220 systemd: Stopped dracut pre-pivot and cleanup hook.
Jul 21 08:52:23 ip-172-31-43-220 systemd: Stopped target Initrd Default Target.
Jul 21 08:52:23 ip-172-31-43-220 systemd: Stopped target Remote File Systems.
Jul 21 08:52:23 ip-172-31-43-220 systemd: Stopped target Remote File Systems (Pre).
Jul 21 08:52:23 ip-172-31-43-220 systemd: Stopped target Basic System.
Jul 21 08:52:23 ip-172-31-43-220 systemd: Stopped target Sockets.
Jul 21 08:52:23 ip-172-31-43-220 systemd: Stopped target Slices.
Jul 21 08:52:23 ip-172-31-43-220 systemd: Stopped dracut initqueue hook.
Jul 21 08:52:23 ip-172-31-43-220 systemd: Stopped target Paths.
Jul 21 08:52:23 ip-172-31-43-220 systemd: Stopped Dispatch Password Requests to Console Directory Watch.
Jul 21 08:52:23 ip-172-31-43-220 systemd: Stopped target System Initialization.
Jul 21 08:52:23 ip-172-31-43-220 systemd: Stopped target Local File Systems.
Jul 21 08:52:23 ip-172-31-43-220 systemd: Stopped target Swap.
Jul 21 08:52:23 ip-172-31-43-220 systemd: Stopped udev Coldplug all Devices.
Jul 21 08:52:23 ip-172-31-43-220 systemd: Stopped Apply Kernel Variables.
Jul 21 08:52:23 ip-172-31-43-220 systemd: Stopped target Timers.
Jul 21 08:52:23 ip-172-31-43-220 systemd: Stopped dracut pre-trigger hook.
Jul 21 08:52:23 ip-172-31-43-220 systemd: Stopping udev Kernel Device Manager...
Jul 21 08:52:23 ip-172-31-43-220 systemd: Stopped udev Kernel Device Manager.
Jul 21 08:52:23 ip-172-31-43-220 systemd: Stopped Create Static Device Nodes in /dev.
Jul 21 08:52:23 ip-172-31-43-220 systemd: Stopped Create list of required static device nodes for the current kernel.
Jul 21 08:52:23 ip-172-31-43-220 systemd: Closed udev Control Socket.
Jul 21 08:52:23 ip-172-31-43-220 systemd: Closed udev Kernel Socket.
Jul 21 08:52:23 ip-172-31-43-220 systemd: Starting Cleanup udevd DB...
Jul 21 08:52:23 ip-172-31-43-220 systemd: Started Cleanup udevd DB.
Jul 21 08:52:23 ip-172-31-43-220 systemd: Reached target Switch Root.
Jul 21 08:52:23 ip-172-31-43-220 systemd: Starting Switch Root...
Jul 21 08:52:23 ip-172-31-43-220 systemd: Switching root.
Jul 21 08:52:23 ip-172-31-43-220 journal: Journal stopped
Jul 21 08:52:25 ip-172-31-43-220 journal: Runtime journal is using 6.1M (max allowed 49.1M, trying to leave 73.6M free of 478.8M available â†’ current limit 49.1M).
Jul 21 08:52:25 ip-172-31-43-220 systemd-journald[967]: Received SIGTERM from PID 1 (systemd).
Jul 21 08:52:25 ip-172-31-43-220 kernel: systemd: 13 output lines suppressed due to ratelimiting
Jul 21 08:52:25 ip-172-31-43-220 kernel: SELinux:  Disabled at runtime.
Jul 21 08:52:25 ip-172-31-43-220 kernel: audit: type=1404 audit(1658393544.468:2): selinux=0 auid=4294967295 ses=4294967295
Jul 21 08:52:25 ip-172-31-43-220 journal: Journal started
Jul 21 08:52:25 ip-172-31-43-220 systemd: systemd 219 running in system mode. (+PAM +AUDIT +SELINUX +IMA -APPARMOR +SMACK +SYSVINIT +UTMP +LIBCRYPTSETUP +GCRYPT +GNUTLS +ACL +XZ +LZ4 -SECCOMP +BLKID +ELFUTILS +KMOD +IDN)
Jul 21 08:52:25 ip-172-31-43-220 systemd: Detected virtualization xen.
Jul 21 08:52:25 ip-172-31-43-220 systemd: Detected architecture x86-64.
Jul 21 08:52:25 ip-172-31-43-220 systemd: Set hostname to <ip-172-31-9-35.ec2.internal>.
Jul 21 08:52:25 ip-172-31-43-220 systemd: Cannot add dependency job for unit display-manager.service, ignoring: Unit not found.
Jul 21 08:52:25 ip-172-31-43-220 systemd: Started Read and set NIS domainname from /etc/sysconfig/network.
Jul 21 08:52:25 ip-172-31-43-220 systemd: Started Create list of required static device nodes for the current kernel.
Jul 21 08:52:25 ip-172-31-43-220 systemd: Started Setup Virtual Console.
Jul 21 08:52:25 ip-172-31-43-220 systemd: Starting Create Static Device Nodes in /dev...
Jul 21 08:52:25 ip-172-31-43-220 systemd: Started Remount Root and Kernel File Systems.
Jul 21 08:52:25 ip-172-31-43-220 systemd: Starting Relabel kernel modules early in the boot, if needed...
Jul 21 08:52:25 ip-172-31-43-220 systemd: Starting Configure read-only root support...
Jul 21 08:52:25 ip-172-31-43-220 systemd: Starting udev Coldplug all Devices...
Jul 21 08:52:25 ip-172-31-43-220 systemd: Starting Flush Journal to Persistent Storage...
Jul 21 08:52:25 ip-172-31-43-220 systemd: Started Relabel kernel modules early in the boot, if needed.
Jul 21 08:52:25 ip-172-31-43-220 systemd: Starting Load Kernel Modules...
Jul 21 08:52:25 ip-172-31-43-220 systemd: Started Create Static Device Nodes in /dev.
Jul 21 08:52:25 ip-172-31-43-220 systemd: Starting udev Kernel Device Manager...
Jul 21 08:52:25 ip-172-31-43-220 systemd: Started udev Coldplug all Devices.
Jul 21 08:52:25 ip-172-31-43-220 systemd-udevd: starting version 219
Jul 21 08:52:25 ip-172-31-43-220 systemd: Started Configure read-only root support.
Jul 21 08:52:25 ip-172-31-43-220 systemd: Starting Load/Save Random Seed...
Jul 21 08:52:25 ip-172-31-43-220 systemd: Starting udev Wait for Complete Device Initialization...
Jul 21 08:52:25 ip-172-31-43-220 systemd: Started Load/Save Random Seed.
Jul 21 08:52:25 ip-172-31-43-220 systemd: Started LVM2 metadata daemon.
Jul 21 08:52:25 ip-172-31-43-220 systemd: Started Flush Journal to Persistent Storage.
Jul 21 08:52:25 ip-172-31-43-220 systemd-udevd: Network interface NamePolicy= disabled on kernel command line, ignoring.
Jul 21 08:52:25 ip-172-31-43-220 systemd-modules-load: Inserted module 'ena'
Jul 21 08:52:25 ip-172-31-43-220 systemd: Started Load Kernel Modules.
Jul 21 08:52:25 ip-172-31-43-220 systemd: Starting Apply Kernel Variables...
Jul 21 08:52:25 ip-172-31-43-220 systemd: Started udev Kernel Device Manager.
Jul 21 08:52:25 ip-172-31-43-220 systemd: Starting Show Plymouth Boot Screen...
Jul 21 08:52:25 ip-172-31-43-220 kernel: input: Power Button as /devices/LNXSYSTM:00/LNXPWRBN:00/input/input3
Jul 21 08:52:25 ip-172-31-43-220 systemd: Started Apply Kernel Variables.
Jul 21 08:52:25 ip-172-31-43-220 kernel: ACPI: Power Button [PWRF]
Jul 21 08:52:25 ip-172-31-43-220 kernel: input: Sleep Button as /devices/LNXSYSTM:00/LNXSLPBN:00/input/input4
Jul 21 08:52:25 ip-172-31-43-220 kernel: ACPI: Sleep Button [SLPF]
Jul 21 08:52:25 ip-172-31-43-220 systemd: Received SIGRTMIN+20 from PID 2330 (plymouthd).
Jul 21 08:52:25 ip-172-31-43-220 systemd: Started Show Plymouth Boot Screen.
Jul 21 08:52:25 ip-172-31-43-220 systemd: Started Forward Password Requests to Plymouth Directory Watch.
Jul 21 08:52:25 ip-172-31-43-220 systemd: Found device /dev/ttyS0.
Jul 21 08:52:25 ip-172-31-43-220 kernel: random: crng init done
Jul 21 08:52:25 ip-172-31-43-220 kernel: random: 7 urandom warning(s) missed due to ratelimiting
Jul 21 08:52:26 ip-172-31-43-220 kernel: input: ImExPS/2 Generic Explorer Mouse as /devices/platform/i8042/serio1/input/input5
Jul 21 08:52:26 ip-172-31-43-220 kernel: mousedev: PS/2 mouse device common for all mice
Jul 21 08:52:26 ip-172-31-43-220 kernel: AVX2 version of gcm_enc/dec engaged.
Jul 21 08:52:26 ip-172-31-43-220 kernel: AES CTR mode by8 optimization enabled
Jul 21 08:52:26 ip-172-31-43-220 systemd: Starting Relabel kernel modules early in the boot, if needed...
Jul 21 08:52:26 ip-172-31-43-220 systemd: Created slice system-ec2net\x2difup.slice.
Jul 21 08:52:26 ip-172-31-43-220 systemd: Started Relabel kernel modules early in the boot, if needed.
Jul 21 08:52:26 ip-172-31-43-220 systemd: Started Monitoring of LVM2 mirrors, snapshots etc. using dmeventd or progress polling.
Jul 21 08:52:26 ip-172-31-43-220 systemd: Reached target Local File Systems (Pre).
Jul 21 08:52:26 ip-172-31-43-220 kernel: alg: No test for pcbc(aes) (pcbc-aes-aesni)
Jul 21 08:52:26 ip-172-31-43-220 kernel: EDAC sbridge:  Ver: 1.1.2 
Jul 21 08:52:26 ip-172-31-43-220 systemd: Started udev Wait for Complete Device Initialization.
Jul 21 08:52:26 ip-172-31-43-220 systemd: Starting Activation of DM RAID sets...
Jul 21 08:52:26 ip-172-31-43-220 kernel: device-mapper: uevent: version 1.0.3
Jul 21 08:52:26 ip-172-31-43-220 kernel: device-mapper: ioctl: 4.37.0-ioctl (2017-09-20) initialised: dm-devel@redhat.com
Jul 21 08:52:26 ip-172-31-43-220 systemd: Started Activation of DM RAID sets.
Jul 21 08:52:26 ip-172-31-43-220 systemd: Reached target Local File Systems.
Jul 21 08:52:26 ip-172-31-43-220 systemd: Starting Preprocess NFS configuration...
Jul 21 08:52:26 ip-172-31-43-220 systemd: Starting Create Volatile Files and Directories...
Jul 21 08:52:26 ip-172-31-43-220 systemd: Starting Tell Plymouth To Write Out Runtime Data...
Jul 21 08:52:26 ip-172-31-43-220 systemd: Reached target Local Encrypted Volumes.
Jul 21 08:52:26 ip-172-31-43-220 systemd: Started Tell Plymouth To Write Out Runtime Data.
Jul 21 08:52:26 ip-172-31-43-220 systemd: Started Preprocess NFS configuration.
Jul 21 08:52:26 ip-172-31-43-220 systemd: Started Create Volatile Files and Directories.
Jul 21 08:52:26 ip-172-31-43-220 systemd: Starting Security Auditing Service...
Jul 21 08:52:26 ip-172-31-43-220 systemd: Mounting RPC Pipe File System...
Jul 21 08:52:26 ip-172-31-43-220 kernel: RPC: Registered named UNIX socket transport module.
Jul 21 08:52:26 ip-172-31-43-220 kernel: RPC: Registered udp transport module.
Jul 21 08:52:26 ip-172-31-43-220 kernel: RPC: Registered tcp transport module.
Jul 21 08:52:26 ip-172-31-43-220 kernel: RPC: Registered tcp NFSv4.1 backchannel transport module.
Jul 21 08:52:26 ip-172-31-43-220 systemd: Mounted RPC Pipe File System.
Jul 21 08:52:26 ip-172-31-43-220 systemd: Reached target rpc_pipefs.target.
Jul 21 08:52:26 ip-172-31-43-220 auditd: Could not open dir /var/log/audit (No such file or directory)
Jul 21 08:52:26 ip-172-31-43-220 auditd: The audit daemon is exiting.
Jul 21 08:52:26 ip-172-31-43-220 systemd: auditd.service: control process exited, code=exited status=6
Jul 21 08:52:26 ip-172-31-43-220 systemd: Failed to start Security Auditing Service.
Jul 21 08:52:26 ip-172-31-43-220 systemd: Unit auditd.service entered failed state.
Jul 21 08:52:26 ip-172-31-43-220 systemd: auditd.service failed.
Jul 21 08:52:26 ip-172-31-43-220 systemd: Starting Update UTMP about System Boot/Shutdown...
Jul 21 08:52:26 ip-172-31-43-220 systemd: Started Update UTMP about System Boot/Shutdown.
Jul 21 08:52:26 ip-172-31-43-220 systemd: Reached target System Initialization.
Jul 21 08:52:26 ip-172-31-43-220 systemd: Started Daily Cleanup of Temporary Directories.
Jul 21 08:52:26 ip-172-31-43-220 systemd: Reached target Timers.
Jul 21 08:52:26 ip-172-31-43-220 systemd: Listening on RPCbind Server Activation Socket.
Jul 21 08:52:26 ip-172-31-43-220 systemd: Starting RPC bind service...
Jul 21 08:52:26 ip-172-31-43-220 systemd: Started Flexible branding.
Jul 21 08:52:26 ip-172-31-43-220 systemd: Reached target Paths.
Jul 21 08:52:26 ip-172-31-43-220 systemd: Listening on D-Bus System Message Bus Socket.
Jul 21 08:52:26 ip-172-31-43-220 systemd: Reached target Sockets.
Jul 21 08:52:26 ip-172-31-43-220 systemd: Reached target Basic System.
Jul 21 08:52:26 ip-172-31-43-220 systemd: Started D-Bus System Message Bus.
Jul 21 08:52:26 ip-172-31-43-220 systemd: Starting Resets System Activity Logs...
Jul 21 08:52:26 ip-172-31-43-220 systemd: Starting GSSAPI Proxy Daemon...
Jul 21 08:52:26 ip-172-31-43-220 systemd: Starting Login Service...
Jul 21 08:52:26 ip-172-31-43-220 systemd: Starting Initial cloud-init job (pre-networking)...
Jul 21 08:52:26 ip-172-31-43-220 systemd: Starting Dump dmesg to /var/log/dmesg...
Jul 21 08:52:26 ip-172-31-43-220 systemd: Started libstoragemgmt plug-in server daemon.
Jul 21 08:52:26 ip-172-31-43-220 systemd: Starting ACPI Event Daemon...
Jul 21 08:52:26 ip-172-31-43-220 systemd: Starting NTP client/server...
Jul 21 08:52:26 ip-172-31-43-220 systemd: Starting Hardware RNG Entropy Gatherer Wake threshold service...
Jul 21 08:52:26 ip-172-31-43-220 acpid: starting up with netlink and the input layer
Jul 21 08:52:26 ip-172-31-43-220 acpid: skipping incomplete file /etc/acpi/events/videoconf
Jul 21 08:52:26 ip-172-31-43-220 acpid: 2 rules loaded
Jul 21 08:52:26 ip-172-31-43-220 acpid: waiting for events: event logging is off
Jul 21 08:52:26 ip-172-31-43-220 systemd: Started irqbalance daemon.
Jul 21 08:52:26 ip-172-31-43-220 systemd: Started RPC bind service.
Jul 21 08:52:26 ip-172-31-43-220 systemd: Started Dump dmesg to /var/log/dmesg.
Jul 21 08:52:26 ip-172-31-43-220 systemd: Started ACPI Event Daemon.
Jul 21 08:52:26 ip-172-31-43-220 systemd: Started Hardware RNG Entropy Gatherer Wake threshold service.
Jul 21 08:52:26 ip-172-31-43-220 systemd-logind: New seat seat0.
Jul 21 08:52:26 ip-172-31-43-220 systemd: Started Login Service.
Jul 21 08:52:26 ip-172-31-43-220 systemd: Started Hardware RNG Entropy Gatherer Daemon.
Jul 21 08:52:26 ip-172-31-43-220 chronyd[2504]: chronyd version 4.0 starting (+CMDMON +NTP +REFCLOCK +RTC +PRIVDROP +SCFILTER +SIGND +ASYNCDNS -NTS +SECHASH +IPV6 +DEBUG)
Jul 21 08:52:26 ip-172-31-43-220 /usr/sbin/irqbalance: Balancing is ineffective on systems with a single cpu.  Shutting down
Jul 21 08:52:26 ip-172-31-43-220 systemd: Started Resets System Activity Logs.
Jul 21 08:52:26 ip-172-31-43-220 chronyd[2504]: Frequency -4.784 +/- 1.030 ppm read from /var/lib/chrony/drift
Jul 21 08:52:26 ip-172-31-43-220 systemd: Started NTP client/server.
Jul 21 08:52:26 ip-172-31-43-220 systemd: Started GSSAPI Proxy Daemon.
Jul 21 08:52:26 ip-172-31-43-220 systemd: Reached target NFS client services.
Jul 21 08:52:26 ip-172-31-43-220 systemd: Reached target Remote File Systems (Pre).
Jul 21 08:52:26 ip-172-31-43-220 systemd: Reached target Remote File Systems.
Jul 21 08:52:27 ip-172-31-43-220 rngd: Disabling 5: JITTER Entropy generator (jitter)
Jul 21 08:52:27 ip-172-31-43-220 rngd: Initializing available sources
Jul 21 08:52:27 ip-172-31-43-220 rngd: Failed to init entropy source hwrng
Jul 21 08:52:27 ip-172-31-43-220 rngd: Enabling RDRAND rng support
Jul 21 08:52:27 ip-172-31-43-220 rngd: Initializing entropy source rdrand
Jul 21 08:52:28 ip-172-31-43-220 cloud-init: Cloud-init v. 19.3-45.amzn2 running 'init-local' at Thu, 21 Jul 2022 08:52:28 +0000. Up 7.20 seconds.
Jul 21 08:52:28 ip-172-31-43-220 systemd: Started Initial cloud-init job (pre-networking).
Jul 21 08:52:28 ip-172-31-43-220 systemd: Reached target Network (Pre).
Jul 21 08:52:28 ip-172-31-43-220 systemd: Starting LSB: Bring up/down networking...
Jul 21 08:52:28 ip-172-31-43-220 network: Bringing up loopback interface:  [  OK  ]
Jul 21 08:52:28 ip-172-31-43-220 network: Bringing up interface eth0:
Jul 21 08:52:28 ip-172-31-43-220 dhclient[2645]: DHCPDISCOVER on eth0 to 255.255.255.255 port 67 interval 4 (xid=0x6f184ee)
Jul 21 08:52:28 ip-172-31-43-220 dhclient[2645]: DHCPREQUEST on eth0 to 255.255.255.255 port 67 (xid=0x6f184ee)
Jul 21 08:52:28 ip-172-31-43-220 dhclient[2645]: DHCPOFFER from 172.31.32.1
Jul 21 08:52:28 ip-172-31-43-220 dhclient[2645]: DHCPACK from 172.31.32.1 (xid=0x6f184ee)
Jul 21 08:52:28 ip-172-31-43-220 NET: dhclient: Locked /run/dhclient/resolv.lock
Jul 21 08:52:28 ip-172-31-43-220 NET[2704]: /usr/sbin/dhclient-script : updated /etc/resolv.conf
Jul 21 08:52:29 ip-172-31-43-220 dhclient[2645]: bound to 172.31.43.220 -- renewal in 1393 seconds.
Jul 21 08:52:29 ip-172-31-43-220 ec2net: [get_meta] Querying IMDS for meta-data/network/interfaces/macs/0e:81:61:d6:86:d1/local-ipv4s
Jul 21 08:52:29 ip-172-31-43-220 ec2net: [get_meta] Getting token for IMDSv2.
Jul 21 08:52:29 ip-172-31-43-220 network: Determining IP information for eth0... done.
Jul 21 08:52:29 ip-172-31-43-220 ec2net: [get_meta] Trying to get http://169.254.169.254/latest/meta-data/network/interfaces/macs/0e:81:61:d6:86:d1/local-ipv4s
Jul 21 08:52:29 ip-172-31-43-220 ec2net: [remove_aliases] Removing aliases of eth0
Jul 21 08:52:29 ip-172-31-43-220 network: Determining IPv6 information for eth0... done.
Jul 21 08:52:29 ip-172-31-43-220 network: [  OK  ]
Jul 21 08:52:29 ip-172-31-43-220 systemd: Started LSB: Bring up/down networking.
Jul 21 08:52:29 ip-172-31-43-220 systemd: Starting Initial cloud-init job (metadata service crawler)...
Jul 21 08:52:29 ip-172-31-43-220 systemd: Reached target Network.
Jul 21 08:52:29 ip-172-31-43-220 systemd: Starting Postfix Mail Transport Agent...
Jul 21 08:52:29 ip-172-31-43-220 cloud-init: Cloud-init v. 19.3-45.amzn2 running 'init' at Thu, 21 Jul 2022 08:52:29 +0000. Up 8.40 seconds.
Jul 21 08:52:29 ip-172-31-43-220 cloud-init: ci-info: ++++++++++++++++++++++++++++++++++++++Net device info+++++++++++++++++++++++++++++++++++++++
Jul 21 08:52:29 ip-172-31-43-220 cloud-init: ci-info: +--------+------+-----------------------------+---------------+--------+-------------------+
Jul 21 08:52:29 ip-172-31-43-220 cloud-init: ci-info: | Device |  Up  |           Address           |      Mask     | Scope  |     Hw-Address    |
Jul 21 08:52:29 ip-172-31-43-220 cloud-init: ci-info: +--------+------+-----------------------------+---------------+--------+-------------------+
Jul 21 08:52:29 ip-172-31-43-220 cloud-init: ci-info: |  eth0  | True |        172.31.43.220        | 255.255.240.0 | global | 0e:81:61:d6:86:d1 |
Jul 21 08:52:29 ip-172-31-43-220 cloud-init: ci-info: |  eth0  | True | fe80::c81:61ff:fed6:86d1/64 |       .       |  link  | 0e:81:61:d6:86:d1 |
Jul 21 08:52:29 ip-172-31-43-220 cloud-init: ci-info: |   lo   | True |          127.0.0.1          |   255.0.0.0   |  host  |         .         |
Jul 21 08:52:29 ip-172-31-43-220 cloud-init: ci-info: |   lo   | True |           ::1/128           |       .       |  host  |         .         |
Jul 21 08:52:29 ip-172-31-43-220 cloud-init: ci-info: +--------+------+-----------------------------+---------------+--------+-------------------+
Jul 21 08:52:29 ip-172-31-43-220 cloud-init: ci-info: ++++++++++++++++++++++++++++++++Route IPv4 info++++++++++++++++++++++++++++++++
Jul 21 08:52:29 ip-172-31-43-220 cloud-init: ci-info: +-------+-----------------+-------------+-----------------+-----------+-------+
Jul 21 08:52:29 ip-172-31-43-220 cloud-init: ci-info: | Route |   Destination   |   Gateway   |     Genmask     | Interface | Flags |
Jul 21 08:52:29 ip-172-31-43-220 cloud-init: ci-info: +-------+-----------------+-------------+-----------------+-----------+-------+
Jul 21 08:52:29 ip-172-31-43-220 cloud-init: ci-info: |   0   |     0.0.0.0     | 172.31.32.1 |     0.0.0.0     |    eth0   |   UG  |
Jul 21 08:52:29 ip-172-31-43-220 cloud-init: ci-info: |   1   | 169.254.169.254 |   0.0.0.0   | 255.255.255.255 |    eth0   |   UH  |
Jul 21 08:52:29 ip-172-31-43-220 cloud-init: ci-info: |   2   |   172.31.32.0   |   0.0.0.0   |  255.255.240.0  |    eth0   |   U   |
Jul 21 08:52:29 ip-172-31-43-220 cloud-init: ci-info: +-------+-----------------+-------------+-----------------+-----------+-------+
Jul 21 08:52:29 ip-172-31-43-220 cloud-init: ci-info: +++++++++++++++++++Route IPv6 info+++++++++++++++++++
Jul 21 08:52:29 ip-172-31-43-220 cloud-init: ci-info: +-------+-------------+---------+-----------+-------+
Jul 21 08:52:29 ip-172-31-43-220 cloud-init: ci-info: | Route | Destination | Gateway | Interface | Flags |
Jul 21 08:52:29 ip-172-31-43-220 cloud-init: ci-info: +-------+-------------+---------+-----------+-------+
Jul 21 08:52:29 ip-172-31-43-220 cloud-init: ci-info: |   9   |  fe80::/64  |    ::   |    eth0   |   U   |
Jul 21 08:52:29 ip-172-31-43-220 cloud-init: ci-info: |   11  |    local    |    ::   |    eth0   |   U   |
Jul 21 08:52:29 ip-172-31-43-220 cloud-init: ci-info: |   12  |   ff00::/8  |    ::   |    eth0   |   U   |
Jul 21 08:52:29 ip-172-31-43-220 cloud-init: ci-info: +-------+-------------+---------+-----------+-------+
Jul 21 08:52:30 ip-172-31-43-220 dhclient[2767]: XMT: Solicit on eth0, interval 1010ms.
Jul 21 08:52:30 ip-172-31-43-220 dbus[2472]: [system] Activating via systemd: service name='org.freedesktop.hostname1' unit='dbus-org.freedesktop.hostname1.service'
Jul 21 08:52:30 ip-172-31-43-220 systemd: Starting Hostname Service...
Jul 21 08:52:30 ip-172-31-43-220 dbus[2472]: [system] Successfully activated service 'org.freedesktop.hostname1'
Jul 21 08:52:30 ip-172-31-43-220 systemd-hostnamed: Changed static host name to 'ip-172-31-43-220.ec2.internal'
Jul 21 08:52:30 ip-172-31-43-220 systemd-hostnamed: Changed host name to 'ip-172-31-43-220.ec2.internal'
Jul 21 08:52:30 ip-172-31-43-220 systemd: Started Hostname Service.
Jul 21 08:52:30 ip-172-31-43-220 systemd: Started Postfix Mail Transport Agent.
Jul 21 08:52:30 ip-172-31-43-220 systemd: Started Initial cloud-init job (metadata service crawler).
Jul 21 08:52:30 ip-172-31-43-220 systemd: Reached target Network is Online.
Jul 21 08:52:30 ip-172-31-43-220 systemd: Starting Notify NFS peers of a restart...
Jul 21 08:52:30 ip-172-31-43-220 systemd: Starting Finds and configures elastic network interfaces...
Jul 21 08:52:30 ip-172-31-43-220 sm-notify[2957]: Version 1.3.0 starting
Jul 21 08:52:30 ip-172-31-43-220 ec2net: [ec2ifscan] Scanning for unconfigured interfaces
Jul 21 08:52:30 ip-172-31-43-220 systemd: Starting System Logging Service...
Jul 21 08:52:30 ip-172-31-43-220 systemd: Starting Dynamically Generate Message Of The Day...
Jul 21 08:52:30 ip-172-31-43-220 systemd: Started amazon-ssm-agent.
Jul 21 08:52:30 ip-172-31-43-220 systemd: Reached target Cloud-config availability.
Jul 21 08:52:30 ip-172-31-43-220 systemd: Starting Apply the settings specified in cloud-config...
Jul 21 08:52:30 ip-172-31-43-220 systemd: Starting OpenSSH Server Key Generation...
Jul 21 08:52:30 ip-172-31-43-220 systemd: Starting Permit User Sessions...
Jul 21 08:52:30 ip-172-31-43-220 systemd: Started Notify NFS peers of a restart.
Jul 21 08:52:30 ip-172-31-43-220 systemd: Started Finds and configures elastic network interfaces.
Jul 21 08:52:30 ip-172-31-43-220 systemd: Started Permit User Sessions.
Jul 21 08:52:30 ip-172-31-43-220 systemd: Starting Terminate Plymouth Boot Screen...
Jul 21 08:52:30 ip-172-31-43-220 systemd: Started Job spooling tools.
Jul 21 08:52:30 ip-172-31-43-220 systemd: Started Command Scheduler.
Jul 21 08:52:30 ip-172-31-43-220 systemd: Starting Wait for Plymouth Boot Screen to Quit...
Jul 21 08:52:30 ip-172-31-43-220 rsyslogd: [origin software="rsyslogd" swVersion="8.24.0-57.amzn2.2.0.1" x-pid="2964" x-info="http://www.rsyslog.com"] start
Jul 21 08:52:30 ip-172-31-43-220 systemd: Started System Logging Service.
Jul 21 08:52:30 ip-172-31-43-220 systemd: Started Dynamically Generate Message Of The Day.
Jul 21 08:52:31 ip-172-31-43-220 dhclient[2767]: XMT: Solicit on eth0, interval 2000ms.
Jul 21 08:52:31 ip-172-31-43-220 sshd-keygen: Generating SSH2 RSA host key: [  OK  ]
Jul 21 08:52:31 ip-172-31-43-220 sshd-keygen: Generating SSH2 ECDSA host key: [  OK  ]
Jul 21 08:52:31 ip-172-31-43-220 sshd-keygen: Generating SSH2 ED25519 host key: [  OK  ]
Jul 21 08:52:31 ip-172-31-43-220 systemd: Started OpenSSH Server Key Generation.
Jul 21 08:52:31 ip-172-31-43-220 systemd: Starting OpenSSH server daemon...
Jul 21 08:52:31 ip-172-31-43-220 systemd: Starting EC2 Instance Connect Host Key Harvesting...
Jul 21 08:52:31 ip-172-31-43-220 systemd: Started OpenSSH server daemon.
Jul 21 08:52:31 ip-172-31-43-220 systemd: Received SIGRTMIN+21 from PID 2330 (plymouthd).
Jul 21 08:52:31 ip-172-31-43-220 systemd: Started Terminate Plymouth Boot Screen.
Jul 21 08:52:31 ip-172-31-43-220 systemd: Started Wait for Plymouth Boot Screen to Quit.
Jul 21 08:52:31 ip-172-31-43-220 systemd: Started Getty on tty1.
Jul 21 08:52:31 ip-172-31-43-220 systemd: Started Serial Getty on ttyS0.
Jul 21 08:52:31 ip-172-31-43-220 systemd: Reached target Login Prompts.
Jul 21 08:52:31 ip-172-31-43-220 amazon-ssm-agent: Error occurred fetching the seelog config file path:  open /etc/amazon/ssm/seelog.xml: no such file or directory
Jul 21 08:52:31 ip-172-31-43-220 amazon-ssm-agent: Initializing new seelog logger
Jul 21 08:52:31 ip-172-31-43-220 amazon-ssm-agent: New Seelog Logger Creation Complete
Jul 21 08:52:31 ip-172-31-43-220 amazon-ssm-agent: 2022-07-21 08:52:31 INFO Proxy environment variables:
Jul 21 08:52:31 ip-172-31-43-220 amazon-ssm-agent: 2022-07-21 08:52:31 INFO https_proxy:
Jul 21 08:52:31 ip-172-31-43-220 amazon-ssm-agent: 2022-07-21 08:52:31 INFO http_proxy:
Jul 21 08:52:31 ip-172-31-43-220 cloud-init: Cloud-init v. 19.3-45.amzn2 running 'modules:config' at Thu, 21 Jul 2022 08:52:31 +0000. Up 10.48 seconds.
Jul 21 08:52:31 ip-172-31-43-220 amazon-ssm-agent: 2022-07-21 08:52:31 INFO no_proxy:
Jul 21 08:52:31 ip-172-31-43-220 systemd: Started Apply the settings specified in cloud-config.
Jul 21 08:52:31 ip-172-31-43-220 systemd: Starting Execute cloud user/final scripts...
Jul 21 08:52:31 ip-172-31-43-220 systemd: Starting Initial hibernation setup job...
Jul 21 08:52:31 ip-172-31-43-220 systemd: Started EC2 Instance Connect Host Key Harvesting.
Jul 21 08:52:31 ip-172-31-43-220 systemd: Reached target Multi-User System.
Jul 21 08:52:31 ip-172-31-43-220 systemd: Reached target aws-eb.target.
Jul 21 08:52:31 ip-172-31-43-220 systemd: Reached target Graphical Interface.
Jul 21 08:52:31 ip-172-31-43-220 systemd: Starting Update UTMP about System Runlevel Changes...
Jul 21 08:52:31 ip-172-31-43-220 systemd: Started Update UTMP about System Runlevel Changes.
Jul 21 08:52:31 ip-172-31-43-220 amazon-ssm-agent: 2022-07-21 08:52:31 INFO Agent will take identity from EC2
Jul 21 08:52:32 ip-172-31-43-220 amazon-ssm-agent: 2022-07-21 08:52:31 INFO [amazon-ssm-agent] using named pipe channel for IPC
Jul 21 08:52:32 ip-172-31-43-220 hibinit-agent: Effective config: {'grub_update': True, 'swap_percentage': 100, 'log_to_syslog': True, 'touch_swap': False, 'state_dir': '/var/lib/hibinit-agent', 'swapoff': 'swapoff {swapfile}', 'mkswap': 'mkswap {swapfile}', 'swapon': 'swapon {swapfile}', 'swap_mb': 4000}
Jul 21 08:52:32 ip-172-31-43-220 hibinit-agent: Requesting new IMDSv2 token.
Jul 21 08:52:32 ip-172-31-43-220 hibinit-agent: Instance Launch has not enabled Hibernation Configured Flag. hibinit-agent exiting!!
Jul 21 08:52:32 ip-172-31-43-220 amazon-ssm-agent: 2022-07-21 08:52:31 INFO [amazon-ssm-agent] using named pipe channel for IPC
Jul 21 08:52:32 ip-172-31-43-220 systemd: Stopping ACPI Event Daemon...
Jul 21 08:52:32 ip-172-31-43-220 acpid: exiting
Jul 21 08:52:32 ip-172-31-43-220 systemd: Stopped ACPI Event Daemon.
Jul 21 08:52:32 ip-172-31-43-220 systemd: Starting ACPI Event Daemon...
Jul 21 08:52:32 ip-172-31-43-220 systemd: Started ACPI Event Daemon.
Jul 21 08:52:32 ip-172-31-43-220 systemd: Started Initial hibernation setup job.
Jul 21 08:52:32 ip-172-31-43-220 acpid: starting up with netlink and the input layer
Jul 21 08:52:32 ip-172-31-43-220 acpid: skipping incomplete file /etc/acpi/events/videoconf
Jul 21 08:52:32 ip-172-31-43-220 acpid: 2 rules loaded
Jul 21 08:52:32 ip-172-31-43-220 acpid: waiting for events: event logging is off
Jul 21 08:52:32 ip-172-31-43-220 amazon-ssm-agent: 2022-07-21 08:52:31 INFO [amazon-ssm-agent] using named pipe channel for IPC
Jul 21 08:52:32 ip-172-31-43-220 amazon-ssm-agent: 2022-07-21 08:52:31 INFO [amazon-ssm-agent] amazon-ssm-agent - v3.1.1188.0
Jul 21 08:52:32 ip-172-31-43-220 cloud-init: Cloud-init v. 19.3-45.amzn2 running 'modules:final' at Thu, 21 Jul 2022 08:52:32 +0000. Up 11.10 seconds.
Jul 21 08:52:32 ip-172-31-43-220 [eb-cfn-init]: [2022-07-21T08:52:32Z] Started EB User Data
Jul 21 08:52:32 ip-172-31-43-220 [eb-cfn-init]: + SLEEP_TIME=10
Jul 21 08:52:32 ip-172-31-43-220 [eb-cfn-init]: + SLEEP_TIME_MAX=3600
Jul 21 08:52:32 ip-172-31-43-220 [eb-cfn-init]: + true
Jul 21 08:52:32 ip-172-31-43-220 [eb-cfn-init]: + curl https://elasticbeanstalk-platform-assets-us-east-1.s3.amazonaws.com/stalks/eb_nodejs16_amazon_linux_2_1.0.1586.0_20220616142551/lib/UserDataScript.sh
Jul 21 08:52:32 ip-172-31-43-220 [eb-cfn-init]:  % Total    % Received % Xferd  Average Speed   Time    Time     Time  Current
Jul 21 08:52:32 ip-172-31-43-220 amazon-ssm-agent: 2022-07-21 08:52:31 INFO [amazon-ssm-agent] OS: linux, Arch: amd64
Jul 21 08:52:32 ip-172-31-43-220 [eb-cfn-init]:                                 Dload  Upload   Total   Spent    Left  Speed
Jul 21 08:52:32 ip-172-31-43-220 [eb-cfn-init]: #015  0     0    0     0    0     0      0      0 --:--:-- --:--:-- --:--:--     0#015100  4627  100  4627    0     0  69905      0 --:--:-- --:--:-- --:--:-- 70106
Jul 21 08:52:32 ip-172-31-43-220 [eb-cfn-init]: [2022-07-21T08:52:32.453Z] Started EB Bootstrapping Script.
Jul 21 08:52:32 ip-172-31-43-220 [eb-cfn-init]: + RESULT=0
Jul 21 08:52:32 ip-172-31-43-220 [eb-cfn-init]: + [[ 0 -ne 0 ]]
Jul 21 08:52:32 ip-172-31-43-220 [eb-cfn-init]: [2022-07-21T08:52:32.472Z] Received parameters:
Jul 21 08:52:32 ip-172-31-43-220 [eb-cfn-init]: + SLEEP_TIME=2
Jul 21 08:52:32 ip-172-31-43-220 [eb-cfn-init]: TARBALLS =
Jul 21 08:52:32 ip-172-31-43-220 [eb-cfn-init]: EB_GEMS =
Jul 21 08:52:32 ip-172-31-43-220 [eb-cfn-init]: + /bin/bash /tmp/ebbootstrap.sh 'https://cloudformation-waitcondition-us-east-1.s3.amazonaws.com/arn%3Aaws%3Acloudformation%3Aus-east-1%3A510500699035%3Astack/awseb-e-9epmep9zmh-stack/6aefc080-0895-11ed-9fc0-0add654a614d/AWSEBInstanceLaunchWaitHandle?X-Amz-Algorithm=AWS4-HMAC-SHA256&X-Amz-Date=20220721T013542Z&X-Amz-SignedHeaders=host&X-Amz-Expires=86399&X-Amz-Credential=AKIA6L7Q4OWT2GZYHG7N%2F20220721%2Fus-east-1%2Fs3%2Faws4_request&X-Amz-Signature=c31a51e2d2500aa77bb24524538fe95f6902c13d5bb6bf261867d9fc323dab17' arn:aws:cloudformation:us-east-1:510500699035:stack/awseb-e-9epmep9zmh-stack/6aefc080-0895-11ed-9fc0-0add654a614d c874a3c2-817a-419a-9ebf-cfeb1c7cacbe https://elasticbeanstalk-health.us-east-1.amazonaws.com '' https://elasticbeanstalk-platform-assets-us-east-1.s3.amazonaws.com/stalks/eb_nodejs16_amazon_linux_2_1.0.1586.0_20220616142551 us-east-1
Jul 21 08:52:32 ip-172-31-43-220 [eb-cfn-init]: SIGNAL_URL = https://cloudformation-waitcondition-us-east-1.s3.amazonaws.com/arn%3Aaws%3Acloudformation%3Aus-east-1%3A510500699035%3Astack/awseb-e-9epmep9zmh-stack/6aefc080-0895-11ed-9fc0-0add654a614d/AWSEBInstanceLaunchWaitHandle?X-Amz-Algorithm=AWS4-HMAC-SHA256&X-Amz-Date=20220721T013542Z&X-Amz-SignedHeaders=host&X-Amz-Expires=86399&X-Amz-Credential=AKIA6L7Q4OWT2GZYHG7N%2F20220721%2Fus-east-1%2Fs3%2Faws4_request&X-Amz-Signature=c31a51e2d2500aa77bb24524538fe95f6902c13d5bb6bf261867d9fc323dab17
Jul 21 08:52:32 ip-172-31-43-220 amazon-ssm-agent: 2022-07-21 08:52:31 INFO [CredentialRefresher] Identity does not require credential refresher
Jul 21 08:52:32 ip-172-31-43-220 [eb-cfn-init]: STACK_ID = arn:aws:cloudformation:us-east-1:510500699035:stack/awseb-e-9epmep9zmh-stack/6aefc080-0895-11ed-9fc0-0add654a614d
Jul 21 08:52:32 ip-172-31-43-220 [eb-cfn-init]: REGION = us-east-1
Jul 21 08:52:32 ip-172-31-43-220 [eb-cfn-init]: GUID =
Jul 21 08:52:32 ip-172-31-43-220 [eb-cfn-init]: HEALTHD_GROUP_ID = c874a3c2-817a-419a-9ebf-cfeb1c7cacbe
Jul 21 08:52:32 ip-172-31-43-220 [eb-cfn-init]: HEALTHD_ENDPOINT = https://elasticbeanstalk-health.us-east-1.amazonaws.com
Jul 21 08:52:32 ip-172-31-43-220 amazon-ssm-agent: 2022-07-21 08:52:32 INFO [amazon-ssm-agent] [LongRunningWorkerContainer] [WorkerProvider] Worker ssm-agent-worker is not running, starting worker process
Jul 21 08:52:32 ip-172-31-43-220 [eb-cfn-init]: PROXY_SERVER =
Jul 21 08:52:32 ip-172-31-43-220 [eb-cfn-init]: HEALTHD_PROXY_LOG_LOCATION =
Jul 21 08:52:32 ip-172-31-43-220 [eb-cfn-init]: PLATFORM_ASSETS_URL = https://elasticbeanstalk-platform-assets-us-east-1.s3.amazonaws.com/stalks/eb_nodejs16_amazon_linux_2_1.0.1586.0_20220616142551
Jul 21 08:52:32 ip-172-31-43-220 [eb-cfn-init]: [2022-07-21T08:52:32.580Z] engine url is set to https://elasticbeanstalk-platform-assets-us-east-1.s3.amazonaws.com/stalks/eb_nodejs16_amazon_linux_2_1.0.1586.0_20220616142551/lib/platform-engine.zip
Jul 21 08:52:32 ip-172-31-43-220 [eb-cfn-init]: [2022-07-21T08:52:32.628Z] first init of instance.
Jul 21 08:52:32 ip-172-31-43-220 [eb-cfn-init]: [2022-07-21T08:52:32.633Z] Started executing cfn_init _OnInstanceBoot.
Jul 21 08:52:32 ip-172-31-43-220 [eb-cfn-init]: [2022-07-21T08:52:32.656Z] Running cfn-init ConfigSet: _OnInstanceBoot.
Jul 21 08:52:32 ip-172-31-43-220 [eb-cfn-init]: [2022-07-21T08:52:32.671Z] Using stack-id from userdata
Jul 21 08:52:32 ip-172-31-43-220 amazon-ssm-agent: 2022-07-21 08:52:32 INFO [amazon-ssm-agent] [LongRunningWorkerContainer] [WorkerProvider] Worker ssm-agent-worker (pid:3158) started
Jul 21 08:52:32 ip-172-31-43-220 amazon-ssm-agent: 2022-07-21 08:52:32 INFO [amazon-ssm-agent] [LongRunningWorkerContainer] Monitor long running worker health every 60 seconds
Jul 21 08:52:33 ip-172-31-43-220 dhclient[2767]: XMT: Solicit on eth0, interval 3970ms.
Jul 21 08:52:33 ip-172-31-43-220 chronyd[2504]: Selected source 169.254.169.123
Jul 21 08:52:34 ip-172-31-43-220 [eb-cfn-init]: [2022-07-21T08:52:34.355Z] Command Returned:
Jul 21 08:52:34 ip-172-31-43-220 [eb-cfn-init]: [2022-07-21T08:52:34.362Z] Completed executing cfn_init.
Jul 21 08:52:34 ip-172-31-43-220 [eb-cfn-init]: [2022-07-21T08:52:34.369Z] finished _OnInstanceBoot
Jul 21 08:52:34 ip-172-31-43-220 [eb-cfn-init]: --2022-07-21 08:52:34--  https://elasticbeanstalk-platform-assets-us-east-1.s3.amazonaws.com/stalks/eb_nodejs16_amazon_linux_2_1.0.1586.0_20220616142551/lib/platform-engine.zip
Jul 21 08:52:34 ip-172-31-43-220 [eb-cfn-init]: Resolving elasticbeanstalk-platform-assets-us-east-1.s3.amazonaws.com (elasticbeanstalk-platform-assets-us-east-1.s3.amazonaws.com)... 52.217.226.185
Jul 21 08:52:34 ip-172-31-43-220 [eb-cfn-init]: Connecting to elasticbeanstalk-platform-assets-us-east-1.s3.amazonaws.com (elasticbeanstalk-platform-assets-us-east-1.s3.amazonaws.com)|52.217.226.185|:443... connected.
Jul 21 08:52:34 ip-172-31-43-220 [eb-cfn-init]: HTTP request sent, awaiting response... 200 OK
Jul 21 08:52:34 ip-172-31-43-220 [eb-cfn-init]: Length: 26771879 (26M) [application/zip]
Jul 21 08:52:34 ip-172-31-43-220 [eb-cfn-init]: Saving to: â€˜/tmp/platform-engine.zipâ€™
Jul 21 08:52:34 ip-172-31-43-220 [eb-cfn-init]: 
Jul 21 08:52:34 ip-172-31-43-220 [eb-cfn-init]:     0K .......... .......... .......... .......... ..........  0% 8.51M 3s
Jul 21 08:52:34 ip-172-31-43-220 [eb-cfn-init]:    50K .......... .......... .......... .......... ..........  0% 9.03M 3s
Jul 21 08:52:34 ip-172-31-43-220 [eb-cfn-init]:   100K .......... .......... .......... .......... ..........  0%  250M 2s
Jul 21 08:52:34 ip-172-31-43-220 [eb-cfn-init]:   150K .......... .......... .......... .......... ..........  0% 10.8M 2s
Jul 21 08:52:34 ip-172-31-43-220 [eb-cfn-init]:   200K .......... .......... .......... .......... ..........  0%  248M 2s
Jul 21 08:52:34 ip-172-31-43-220 [eb-cfn-init]:   250K .......... .......... .......... .......... ..........  1% 86.0M 1s
Jul 21 08:52:34 ip-172-31-43-220 [eb-cfn-init]:   300K .......... .......... .......... .......... ..........  1%  264M 1s
Jul 21 08:52:34 ip-172-31-43-220 [eb-cfn-init]:   350K .......... .......... .......... .......... ..........  1%  293M 1s
Jul 21 08:52:34 ip-172-31-43-220 [eb-cfn-init]:   400K .......... .......... .......... .......... ..........  1%  186M 1s
Jul 21 08:52:34 ip-172-31-43-220 [eb-cfn-init]:   450K .......... .......... .......... .......... ..........  1%  170M 1s
Jul 21 08:52:34 ip-172-31-43-220 [eb-cfn-init]:   500K .......... .......... .......... .......... ..........  2%  142M 1s
Jul 21 08:52:34 ip-172-31-43-220 [eb-cfn-init]:   550K .......... .......... .......... .......... ..........  2%  174M 1s
Jul 21 08:52:34 ip-172-31-43-220 [eb-cfn-init]:   600K .......... .......... .......... .......... ..........  2%  188M 1s
Jul 21 08:52:34 ip-172-31-43-220 [eb-cfn-init]:   650K .......... .......... .......... .......... ..........  2%  231M 1s
Jul 21 08:52:34 ip-172-31-43-220 [eb-cfn-init]:   700K .......... .......... .......... .......... ..........  2%  272M 1s
Jul 21 08:52:34 ip-172-31-43-220 [eb-cfn-init]:   750K .......... .......... .......... .......... ..........  3%  173M 1s
Jul 21 08:52:34 ip-172-31-43-220 [eb-cfn-init]:   800K .......... .......... .......... .......... ..........  3% 67.5M 1s
Jul 21 08:52:34 ip-172-31-43-220 [eb-cfn-init]:   850K .......... .......... .......... .......... ..........  3%  111M 1s
Jul 21 08:52:34 ip-172-31-43-220 [eb-cfn-init]:   900K .......... .......... .......... .......... ..........  3%  115M 1s
Jul 21 08:52:34 ip-172-31-43-220 [eb-cfn-init]:   950K .......... .......... .......... .......... ..........  3% 12.9M 1s
Jul 21 08:52:34 ip-172-31-43-220 [eb-cfn-init]:  1000K .......... .......... .......... .......... ..........  4%  103M 1s
Jul 21 08:52:34 ip-172-31-43-220 [eb-cfn-init]:  1050K .......... .......... .......... .......... ..........  4%  113M 1s
Jul 21 08:52:34 ip-172-31-43-220 [eb-cfn-init]:  1100K .......... .......... .......... .......... ..........  4% 85.7M 1s
Jul 21 08:52:34 ip-172-31-43-220 [eb-cfn-init]:  1150K .......... .......... .......... .......... ..........  4% 61.1M 1s
Jul 21 08:52:34 ip-172-31-43-220 [eb-cfn-init]:  1200K .......... .......... .......... .......... ..........  4% 93.9M 1s
Jul 21 08:52:34 ip-172-31-43-220 [eb-cfn-init]:  1250K .......... .......... .......... .......... ..........  4% 79.2M 1s
Jul 21 08:52:35 ip-172-31-43-220 [eb-cfn-init]:  1300K .......... .......... .......... .......... ..........  5% 5.09M 1s
Jul 21 08:52:35 ip-172-31-43-220 [eb-cfn-init]:  1350K .......... .......... .......... .......... ..........  5%  108M 1s
Jul 21 08:52:35 ip-172-31-43-220 [eb-cfn-init]:  1400K .......... .......... .......... .......... ..........  5%  111M 1s
Jul 21 08:52:35 ip-172-31-43-220 [eb-cfn-init]:  1450K .......... .......... .......... .......... ..........  5% 72.6M 1s
Jul 21 08:52:35 ip-172-31-43-220 [eb-cfn-init]:  1500K .......... .......... .......... .......... ..........  5%  108M 1s
Jul 21 08:52:35 ip-172-31-43-220 [eb-cfn-init]:  1550K .......... .......... .......... .......... ..........  6%  104M 1s
Jul 21 08:52:35 ip-172-31-43-220 [eb-cfn-init]:  1600K .......... .......... .......... .......... ..........  6%  122M 1s
Jul 21 08:52:35 ip-172-31-43-220 [eb-cfn-init]:  1650K .......... .......... .......... .......... ..........  6% 91.9M 1s
Jul 21 08:52:35 ip-172-31-43-220 [eb-cfn-init]:  1700K .......... .......... .......... .......... ..........  6% 81.3M 1s
Jul 21 08:52:35 ip-172-31-43-220 [eb-cfn-init]:  1750K .......... .......... .......... .......... ..........  6% 75.9M 1s
Jul 21 08:52:35 ip-172-31-43-220 [eb-cfn-init]:  1800K .......... .......... .......... .......... ..........  7%  110M 1s
Jul 21 08:52:35 ip-172-31-43-220 [eb-cfn-init]:  1850K .......... .......... .......... .......... ..........  7%  103M 1s
Jul 21 08:52:35 ip-172-31-43-220 [eb-cfn-init]:  1900K .......... .......... .......... .......... ..........  7%  105M 1s
Jul 21 08:52:35 ip-172-31-43-220 [eb-cfn-init]:  1950K .......... .......... .......... .......... ..........  7%  112M 1s
Jul 21 08:52:35 ip-172-31-43-220 [eb-cfn-init]:  2000K .......... .......... .......... .......... ..........  7% 80.0M 1s
Jul 21 08:52:35 ip-172-31-43-220 [eb-cfn-init]:  2050K .......... .......... .......... .......... ..........  8%  102M 1s
Jul 21 08:52:35 ip-172-31-43-220 [eb-cfn-init]:  2100K .......... .......... .......... .......... ..........  8% 82.9M 1s
Jul 21 08:52:35 ip-172-31-43-220 [eb-cfn-init]:  2150K .......... .......... .......... .......... ..........  8%  110M 1s
Jul 21 08:52:35 ip-172-31-43-220 [eb-cfn-init]:  2200K .......... .......... .......... .......... ..........  8% 80.0M 0s
Jul 21 08:52:35 ip-172-31-43-220 [eb-cfn-init]:  2250K .......... .......... .......... .......... ..........  8% 96.2M 0s
Jul 21 08:52:35 ip-172-31-43-220 [eb-cfn-init]:  2300K .......... .......... .......... .......... ..........  8%  110M 0s
Jul 21 08:52:35 ip-172-31-43-220 [eb-cfn-init]:  2350K .......... .......... .......... .......... ..........  9%  111M 0s
Jul 21 08:52:35 ip-172-31-43-220 [eb-cfn-init]:  2400K .......... .......... .......... .......... ..........  9% 66.6M 0s
Jul 21 08:52:35 ip-172-31-43-220 [eb-cfn-init]:  2450K .......... .......... .......... .......... ..........  9%  103M 0s
Jul 21 08:52:35 ip-172-31-43-220 [eb-cfn-init]:  2500K .......... .......... .......... .......... ..........  9% 79.0M 0s
Jul 21 08:52:35 ip-172-31-43-220 [eb-cfn-init]:  2550K .......... .......... .......... .......... ..........  9%  111M 0s
Jul 21 08:52:35 ip-172-31-43-220 [eb-cfn-init]:  2600K .......... .......... .......... .......... .......... 10%  108M 0s
Jul 21 08:52:35 ip-172-31-43-220 [eb-cfn-init]:  2650K .......... .......... .......... .......... .......... 10%  102M 0s
Jul 21 08:52:35 ip-172-31-43-220 [eb-cfn-init]:  2700K .......... .......... .......... .......... .......... 10% 49.5M 0s
Jul 21 08:52:35 ip-172-31-43-220 [eb-cfn-init]:  2750K .......... .......... .......... .......... .......... 10% 5.54M 1s
Jul 21 08:52:35 ip-172-31-43-220 [eb-cfn-init]:  2800K .......... .......... .......... .......... .......... 10%  113M 1s
Jul 21 08:52:35 ip-172-31-43-220 [eb-cfn-init]:  2850K .......... .......... .......... .......... .......... 11% 90.9M 0s
Jul 21 08:52:35 ip-172-31-43-220 [eb-cfn-init]:  2900K .......... .......... .......... .......... .......... 11%  128M 0s
Jul 21 08:52:35 ip-172-31-43-220 [eb-cfn-init]:  2950K .......... .......... .......... .......... .......... 11% 69.6M 0s
Jul 21 08:52:35 ip-172-31-43-220 [eb-cfn-init]:  3000K .......... .......... .......... .......... .......... 11%  101M 0s
Jul 21 08:52:35 ip-172-31-43-220 [eb-cfn-init]:  3050K .......... .......... .......... .......... .......... 11% 80.6M 0s
Jul 21 08:52:35 ip-172-31-43-220 [eb-cfn-init]:  3100K .......... .......... .......... .......... .......... 12%  111M 0s
Jul 21 08:52:35 ip-172-31-43-220 [eb-cfn-init]:  3150K .......... .......... .......... .......... .......... 12%  108M 0s
Jul 21 08:52:35 ip-172-31-43-220 [eb-cfn-init]:  3200K .......... .......... .......... .......... .......... 12%  104M 0s
Jul 21 08:52:35 ip-172-31-43-220 [eb-cfn-init]:  3250K .......... .......... .......... .......... .......... 12%  112M 0s
Jul 21 08:52:35 ip-172-31-43-220 [eb-cfn-init]:  3300K .......... .......... .......... .......... .......... 12% 66.5M 0s
Jul 21 08:52:35 ip-172-31-43-220 [eb-cfn-init]:  3350K .......... .......... .......... .......... .......... 13% 89.1M 0s
Jul 21 08:52:35 ip-172-31-43-220 [eb-cfn-init]:  3400K .......... .......... .......... .......... .......... 13% 84.3M 0s
Jul 21 08:52:35 ip-172-31-43-220 [eb-cfn-init]:  3450K .......... .......... .......... .......... .......... 13%  108M 0s
Jul 21 08:52:35 ip-172-31-43-220 [eb-cfn-init]:  3500K .......... .......... .......... .......... .......... 13%  113M 0s
Jul 21 08:52:35 ip-172-31-43-220 [eb-cfn-init]:  3550K .......... .......... .......... .......... .......... 13%  105M 0s
Jul 21 08:52:35 ip-172-31-43-220 [eb-cfn-init]:  3600K .......... .......... .......... .......... .......... 13%  114M 0s
Jul 21 08:52:35 ip-172-31-43-220 [eb-cfn-init]:  3650K .......... .......... .......... .......... .......... 14% 58.2M 0s
Jul 21 08:52:35 ip-172-31-43-220 [eb-cfn-init]:  3700K .......... .......... .......... .......... .......... 14% 65.0M 0s
Jul 21 08:52:35 ip-172-31-43-220 [eb-cfn-init]:  3750K .......... .......... .......... .......... .......... 14%  117M 0s
Jul 21 08:52:35 ip-172-31-43-220 [eb-cfn-init]:  3800K .......... .......... .......... .......... .......... 14%  100M 0s
Jul 21 08:52:35 ip-172-31-43-220 [eb-cfn-init]:  3850K .......... .......... .......... .......... .......... 14%  107M 0s
Jul 21 08:52:35 ip-172-31-43-220 [eb-cfn-init]:  3900K .......... .......... .......... .......... .......... 15%  113M 0s
Jul 21 08:52:35 ip-172-31-43-220 [eb-cfn-init]:  3950K .......... .......... .......... .......... .......... 15% 82.4M 0s
Jul 21 08:52:35 ip-172-31-43-220 [eb-cfn-init]:  4000K .......... .......... .......... .......... .......... 15% 85.5M 0s
Jul 21 08:52:35 ip-172-31-43-220 [eb-cfn-init]:  4050K .......... .......... .......... .......... .......... 15% 5.15M 0s
Jul 21 08:52:35 ip-172-31-43-220 [eb-cfn-init]:  4100K .......... .......... .......... .......... .......... 15%  112M 0s
Jul 21 08:52:35 ip-172-31-43-220 [eb-cfn-init]:  4150K .......... .......... .......... .......... .......... 16%  117M 0s
Jul 21 08:52:35 ip-172-31-43-220 [eb-cfn-init]:  4200K .......... .......... .......... .......... .......... 16%  118M 0s
Jul 21 08:52:35 ip-172-31-43-220 [eb-cfn-init]:  4250K .......... .......... .......... .......... .......... 16%  109M 0s
Jul 21 08:52:35 ip-172-31-43-220 [eb-cfn-init]:  4300K .......... .......... .......... .......... .......... 16% 80.5M 0s
Jul 21 08:52:35 ip-172-31-43-220 [eb-cfn-init]:  4350K .......... .......... .......... .......... .......... 16% 66.5M 0s
Jul 21 08:52:35 ip-172-31-43-220 [eb-cfn-init]:  4400K .......... .......... .......... .......... .......... 17% 33.9M 0s
Jul 21 08:52:35 ip-172-31-43-220 [eb-cfn-init]:  4450K .......... .......... .......... .......... .......... 17%  120M 0s
Jul 21 08:52:35 ip-172-31-43-220 [eb-cfn-init]:  4500K .......... .......... .......... .......... .......... 17% 81.7M 0s
Jul 21 08:52:35 ip-172-31-43-220 [eb-cfn-init]:  4550K .......... .......... .......... .......... .......... 17%  106M 0s
Jul 21 08:52:35 ip-172-31-43-220 [eb-cfn-init]:  4600K .......... .......... .......... .......... .......... 17% 78.2M 0s
Jul 21 08:52:35 ip-172-31-43-220 [eb-cfn-init]:  4650K .......... .......... .......... .......... .......... 17% 52.6M 0s
Jul 21 08:52:35 ip-172-31-43-220 [eb-cfn-init]:  4700K .......... .......... .......... .......... .......... 18% 57.5M 0s
Jul 21 08:52:35 ip-172-31-43-220 [eb-cfn-init]:  4750K .......... .......... .......... .......... .......... 18% 29.8M 0s
Jul 21 08:52:35 ip-172-31-43-220 [eb-cfn-init]:  4800K .......... .......... .......... .......... .......... 18% 82.3M 0s
Jul 21 08:52:35 ip-172-31-43-220 [eb-cfn-init]:  4850K .......... .......... .......... .......... .......... 18% 66.9M 0s
Jul 21 08:52:35 ip-172-31-43-220 [eb-cfn-init]:  4900K .......... .......... .......... .......... .......... 18% 34.8M 0s
Jul 21 08:52:36 ip-172-31-43-220 [eb-cfn-init]:  4950K .......... .......... .......... .......... .......... 19% 5.26M 0s
Jul 21 08:52:36 ip-172-31-43-220 [eb-cfn-init]:  5000K .......... .......... .......... .......... .......... 19%  124M 0s
Jul 21 08:52:36 ip-172-31-43-220 [eb-cfn-init]:  5050K .......... .......... .......... .......... .......... 19%  134M 0s
Jul 21 08:52:36 ip-172-31-43-220 [eb-cfn-init]:  5100K .......... .......... .......... .......... .......... 19%  108M 0s
Jul 21 08:52:36 ip-172-31-43-220 [eb-cfn-init]:  5150K .......... .......... .......... .......... .......... 19% 62.1M 0s
Jul 21 08:52:36 ip-172-31-43-220 [eb-cfn-init]:  5200K .......... .......... .......... .......... .......... 20%  114M 0s
Jul 21 08:52:36 ip-172-31-43-220 [eb-cfn-init]:  5250K .......... .......... .......... .......... .......... 20%  115M 0s
Jul 21 08:52:36 ip-172-31-43-220 [eb-cfn-init]:  5300K .......... .......... .......... .......... .......... 20% 32.4M 0s
Jul 21 08:52:36 ip-172-31-43-220 [eb-cfn-init]:  5350K .......... .......... .......... .......... .......... 20%  116M 0s
Jul 21 08:52:36 ip-172-31-43-220 [eb-cfn-init]:  5400K .......... .......... .......... .......... .......... 20% 86.4M 0s
Jul 21 08:52:36 ip-172-31-43-220 [eb-cfn-init]:  5450K .......... .......... .......... .......... .......... 21% 84.7M 0s
Jul 21 08:52:36 ip-172-31-43-220 [eb-cfn-init]:  5500K .......... .......... .......... .......... .......... 21% 41.1M 0s
Jul 21 08:52:36 ip-172-31-43-220 [eb-cfn-init]:  5550K .......... .......... .......... .......... .......... 21%  113M 0s
Jul 21 08:52:36 ip-172-31-43-220 [eb-cfn-init]:  5600K .......... .......... .......... .......... .......... 21% 99.1M 0s
Jul 21 08:52:36 ip-172-31-43-220 [eb-cfn-init]:  5650K .......... .......... .......... .......... .......... 21% 37.5M 0s
Jul 21 08:52:36 ip-172-31-43-220 [eb-cfn-init]:  5700K .......... .......... .......... .......... .......... 21%  112M 0s
Jul 21 08:52:36 ip-172-31-43-220 [eb-cfn-init]:  5750K .......... .......... .......... .......... .......... 22%  117M 0s
Jul 21 08:52:36 ip-172-31-43-220 [eb-cfn-init]:  5800K .......... .......... .......... .......... .......... 22% 77.1M 0s
Jul 21 08:52:36 ip-172-31-43-220 [eb-cfn-init]:  5850K .......... .......... .......... .......... .......... 22%  123M 0s
Jul 21 08:52:36 ip-172-31-43-220 [eb-cfn-init]:  5900K .......... .......... .......... .......... .......... 22% 5.18M 0s
Jul 21 08:52:36 ip-172-31-43-220 [eb-cfn-init]:  5950K .......... .......... .......... .......... .......... 22%  104M 0s
Jul 21 08:52:36 ip-172-31-43-220 [eb-cfn-init]:  6000K .......... .......... .......... .......... .......... 23%  111M 0s
Jul 21 08:52:36 ip-172-31-43-220 [eb-cfn-init]:  6050K .......... .......... .......... .......... .......... 23% 97.4M 0s
Jul 21 08:52:36 ip-172-31-43-220 [eb-cfn-init]:  6100K .......... .......... .......... .......... .......... 23%  117M 0s
Jul 21 08:52:36 ip-172-31-43-220 [eb-cfn-init]:  6150K .......... .......... .......... .......... .......... 23% 78.0M 0s
Jul 21 08:52:36 ip-172-31-43-220 [eb-cfn-init]:  6200K .......... .......... .......... .......... .......... 23%  116M 0s
Jul 21 08:52:36 ip-172-31-43-220 [eb-cfn-init]:  6250K .......... .......... .......... .......... .......... 24% 35.5M 0s
Jul 21 08:52:36 ip-172-31-43-220 [eb-cfn-init]:  6300K .......... .......... .......... .......... .......... 24%  122M 0s
Jul 21 08:52:36 ip-172-31-43-220 [eb-cfn-init]:  6350K .......... .......... .......... .......... .......... 24%  115M 0s
Jul 21 08:52:36 ip-172-31-43-220 [eb-cfn-init]:  6400K .......... .......... .......... .......... .......... 24% 91.3M 0s
Jul 21 08:52:36 ip-172-31-43-220 [eb-cfn-init]:  6450K .......... .......... .......... .......... .......... 24%  119M 0s
Jul 21 08:52:36 ip-172-31-43-220 [eb-cfn-init]:  6500K .......... .......... .......... .......... .......... 25% 38.9M 0s
Jul 21 08:52:36 ip-172-31-43-220 [eb-cfn-init]:  6550K .......... .......... .......... .......... .......... 25%  115M 0s
Jul 21 08:52:36 ip-172-31-43-220 [eb-cfn-init]:  6600K .......... .......... .......... .......... .......... 25%  100M 0s
Jul 21 08:52:36 ip-172-31-43-220 [eb-cfn-init]:  6650K .......... .......... .......... .......... .......... 25% 78.3M 0s
Jul 21 08:52:36 ip-172-31-43-220 [eb-cfn-init]:  6700K .......... .......... .......... .......... .......... 25% 47.7M 0s
Jul 21 08:52:36 ip-172-31-43-220 [eb-cfn-init]:  6750K .......... .......... .......... .......... .......... 26%  128M 0s
Jul 21 08:52:36 ip-172-31-43-220 [eb-cfn-init]:  6800K .......... .......... .......... .......... .......... 26%  119M 0s
Jul 21 08:52:36 ip-172-31-43-220 [eb-cfn-init]:  6850K .......... .......... .......... .......... .......... 26% 78.6M 0s
Jul 21 08:52:36 ip-172-31-43-220 [eb-cfn-init]:  6900K .......... .......... .......... .......... .......... 26%  118M 0s
Jul 21 08:52:36 ip-172-31-43-220 [eb-cfn-init]:  6950K .......... .......... .......... .......... .......... 26% 5.39M 0s
Jul 21 08:52:36 ip-172-31-43-220 [eb-cfn-init]:  7000K .......... .......... .......... .......... .......... 26%  110M 0s
Jul 21 08:52:36 ip-172-31-43-220 [eb-cfn-init]:  7050K .......... .......... .......... .......... .......... 27%  114M 0s
Jul 21 08:52:36 ip-172-31-43-220 [eb-cfn-init]:  7100K .......... .......... .......... .......... .......... 27%  112M 0s
Jul 21 08:52:36 ip-172-31-43-220 [eb-cfn-init]:  7150K .......... .......... .......... .......... .......... 27%  125M 0s
Jul 21 08:52:36 ip-172-31-43-220 [eb-cfn-init]:  7200K .......... .......... .......... .......... .......... 27%  113M 0s
Jul 21 08:52:36 ip-172-31-43-220 [eb-cfn-init]:  7250K .......... .......... .......... .......... .......... 27%  113M 0s
Jul 21 08:52:36 ip-172-31-43-220 [eb-cfn-init]:  7300K .......... .......... .......... .......... .......... 28%  116M 0s
Jul 21 08:52:36 ip-172-31-43-220 [eb-cfn-init]:  7350K .......... .......... .......... .......... .......... 28% 79.3M 0s
Jul 21 08:52:36 ip-172-31-43-220 [eb-cfn-init]:  7400K .......... .......... .......... .......... .......... 28%  104M 0s
Jul 21 08:52:36 ip-172-31-43-220 [eb-cfn-init]:  7450K .......... .......... .......... .......... .......... 28% 86.5M 0s
Jul 21 08:52:36 ip-172-31-43-220 [eb-cfn-init]:  7500K .......... .......... .......... .......... .......... 28%  115M 0s
Jul 21 08:52:36 ip-172-31-43-220 [eb-cfn-init]:  7550K .......... .......... .......... .......... .......... 29%  124M 0s
Jul 21 08:52:36 ip-172-31-43-220 [eb-cfn-init]:  7600K .......... .......... .......... .......... .......... 29%  134M 0s
Jul 21 08:52:36 ip-172-31-43-220 [eb-cfn-init]:  7650K .......... .......... .......... .......... .......... 29%  116M 0s
Jul 21 08:52:36 ip-172-31-43-220 [eb-cfn-init]:  7700K .......... .......... .......... .......... .......... 29%  117M 0s
Jul 21 08:52:36 ip-172-31-43-220 [eb-cfn-init]:  7750K .......... .......... .......... .......... .......... 29%  116M 0s
Jul 21 08:52:36 ip-172-31-43-220 [eb-cfn-init]:  7800K .......... .......... .......... .......... .......... 30%  106M 0s
Jul 21 08:52:36 ip-172-31-43-220 [eb-cfn-init]:  7850K .......... .......... .......... .......... .......... 30%  102M 0s
Jul 21 08:52:36 ip-172-31-43-220 [eb-cfn-init]:  7900K .......... .......... .......... .......... .......... 30%  104M 0s
Jul 21 08:52:36 ip-172-31-43-220 [eb-cfn-init]:  7950K .......... .......... .......... .......... .......... 30% 78.9M 0s
Jul 21 08:52:36 ip-172-31-43-220 [eb-cfn-init]:  8000K .......... .......... .......... .......... .......... 30%  120M 0s
Jul 21 08:52:36 ip-172-31-43-220 [eb-cfn-init]:  8050K .......... .......... .......... .......... .......... 30% 35.5M 0s
Jul 21 08:52:36 ip-172-31-43-220 [eb-cfn-init]:  8100K .......... .......... .......... .......... .......... 31%  112M 0s
Jul 21 08:52:36 ip-172-31-43-220 [eb-cfn-init]:  8150K .......... .......... .......... .......... .......... 31% 50.5M 0s
Jul 21 08:52:36 ip-172-31-43-220 [eb-cfn-init]:  8200K .......... .......... .......... .......... .......... 31% 5.52M 0s
Jul 21 08:52:36 ip-172-31-43-220 [eb-cfn-init]:  8250K .......... .......... .......... .......... .......... 31%  116M 0s
Jul 21 08:52:36 ip-172-31-43-220 [eb-cfn-init]:  8300K .......... .......... .......... .......... .......... 31% 92.0M 0s
Jul 21 08:52:36 ip-172-31-43-220 [eb-cfn-init]:  8350K .......... .......... .......... .......... .......... 32% 64.6M 0s
Jul 21 08:52:36 ip-172-31-43-220 [eb-cfn-init]:  8400K .......... .......... .......... .......... .......... 32% 34.0M 0s
Jul 21 08:52:36 ip-172-31-43-220 [eb-cfn-init]:  8450K .......... .......... .......... .......... .......... 32%  126M 0s
Jul 21 08:52:36 ip-172-31-43-220 [eb-cfn-init]:  8500K .......... .......... .......... .......... .......... 32% 94.5M 0s
Jul 21 08:52:36 ip-172-31-43-220 [eb-cfn-init]:  8550K .......... .......... .......... .......... .......... 32% 42.2M 0s
Jul 21 08:52:36 ip-172-31-43-220 [eb-cfn-init]:  8600K .......... .......... .......... .......... .......... 33%  101M 0s
Jul 21 08:52:36 ip-172-31-43-220 [eb-cfn-init]:  8650K .......... .......... .......... .......... .......... 33%  102M 0s
Jul 21 08:52:36 ip-172-31-43-220 [eb-cfn-init]:  8700K .......... .......... .......... .......... .......... 33% 66.7M 0s
Jul 21 08:52:36 ip-172-31-43-220 [eb-cfn-init]:  8750K .......... .......... .......... .......... .......... 33%  101M 0s
Jul 21 08:52:36 ip-172-31-43-220 [eb-cfn-init]:  8800K .......... .......... .......... .......... .......... 33% 47.4M 0s
Jul 21 08:52:36 ip-172-31-43-220 [eb-cfn-init]:  8850K .......... .......... .......... .......... .......... 34%  133M 0s
Jul 21 08:52:36 ip-172-31-43-220 [eb-cfn-init]:  8900K .......... .......... .......... .......... .......... 34%  109M 0s
Jul 21 08:52:36 ip-172-31-43-220 [eb-cfn-init]:  8950K .......... .......... .......... .......... .......... 34% 74.6M 0s
Jul 21 08:52:36 ip-172-31-43-220 [eb-cfn-init]:  9000K .......... .......... .......... .......... .......... 34% 95.8M 0s
Jul 21 08:52:36 ip-172-31-43-220 [eb-cfn-init]:  9050K .......... .......... .......... .......... .......... 34% 83.5M 0s
Jul 21 08:52:36 ip-172-31-43-220 [eb-cfn-init]:  9100K .......... .......... .......... .......... .......... 34%  117M 0s
Jul 21 08:52:36 ip-172-31-43-220 [eb-cfn-init]:  9150K .......... .......... .......... .......... .......... 35%  112M 0s
Jul 21 08:52:36 ip-172-31-43-220 [eb-cfn-init]:  9200K .......... .......... .......... .......... .......... 35%  118M 0s
Jul 21 08:52:36 ip-172-31-43-220 [eb-cfn-init]:  9250K .......... .......... .......... .......... .......... 35%  126M 0s
Jul 21 08:52:36 ip-172-31-43-220 [eb-cfn-init]:  9300K .......... .......... .......... .......... .......... 35%  134M 0s
Jul 21 08:52:37 ip-172-31-43-220 [eb-cfn-init]:  9350K .......... .......... .......... .......... .......... 35%  116M 0s
Jul 21 08:52:37 ip-172-31-43-220 [eb-cfn-init]:  9400K .......... .......... .......... .......... .......... 36%  118M 0s
Jul 21 08:52:37 ip-172-31-43-220 [eb-cfn-init]:  9450K .......... .......... .......... .......... .......... 36%  109M 0s
Jul 21 08:52:37 ip-172-31-43-220 [eb-cfn-init]:  9500K .......... .......... .......... .......... .......... 36%  108M 0s
Jul 21 08:52:37 ip-172-31-43-220 [eb-cfn-init]:  9550K .......... .......... .......... .......... .......... 36% 94.8M 0s
Jul 21 08:52:37 ip-172-31-43-220 [eb-cfn-init]:  9600K .......... .......... .......... .......... .......... 36% 6.00M 0s
Jul 21 08:52:37 ip-172-31-43-220 [eb-cfn-init]:  9650K .......... .......... .......... .......... .......... 37%  116M 0s
Jul 21 08:52:37 ip-172-31-43-220 [eb-cfn-init]:  9700K .......... .......... .......... .......... .......... 37% 94.1M 0s
Jul 21 08:52:37 ip-172-31-43-220 [eb-cfn-init]:  9750K .......... .......... .......... .......... .......... 37% 85.8M 0s
Jul 21 08:52:37 ip-172-31-43-220 [eb-cfn-init]:  9800K .......... .......... .......... .......... .......... 37% 32.5M 0s
Jul 21 08:52:37 ip-172-31-43-220 [eb-cfn-init]:  9850K .......... .......... .......... .......... .......... 37%  104M 0s
Jul 21 08:52:37 ip-172-31-43-220 [eb-cfn-init]:  9900K .......... .......... .......... .......... .......... 38% 66.4M 0s
Jul 21 08:52:37 ip-172-31-43-220 [eb-cfn-init]:  9950K .......... .......... .......... .......... .......... 38%  105M 0s
Jul 21 08:52:37 ip-172-31-43-220 [eb-cfn-init]: 10000K .......... .......... .......... .......... .......... 38% 42.0M 0s
Jul 21 08:52:37 ip-172-31-43-220 [eb-cfn-init]: 10050K .......... .......... .......... .......... .......... 38%  119M 0s
Jul 21 08:52:37 ip-172-31-43-220 [eb-cfn-init]: 10100K .......... .......... .......... .......... .......... 38%  113M 0s
Jul 21 08:52:37 ip-172-31-43-220 [eb-cfn-init]: 10150K .......... .......... .......... .......... .......... 39%  121M 0s
Jul 21 08:52:37 ip-172-31-43-220 dhclient[2767]: XMT: Solicit on eth0, interval 7870ms.
Jul 21 08:52:37 ip-172-31-43-220 [eb-cfn-init]: 10200K .......... .......... .......... .......... .......... 39%  107M 0s
Jul 21 08:52:37 ip-172-31-43-220 [eb-cfn-init]: 10250K .......... .......... .......... .......... .......... 39%  103M 0s
Jul 21 08:52:37 ip-172-31-43-220 [eb-cfn-init]: 10300K .......... .......... .......... .......... .......... 39%  115M 0s
Jul 21 08:52:37 ip-172-31-43-220 [eb-cfn-init]: 10350K .......... .......... .......... .......... .......... 39%  118M 0s
Jul 21 08:52:37 ip-172-31-43-220 [eb-cfn-init]: 10400K .......... .......... .......... .......... .......... 39% 98.6M 0s
Jul 21 08:52:37 ip-172-31-43-220 [eb-cfn-init]: 10450K .......... .......... .......... .......... .......... 40%  117M 0s
Jul 21 08:52:37 ip-172-31-43-220 [eb-cfn-init]: 10500K .......... .......... .......... .......... .......... 40% 5.51M 0s
Jul 21 08:52:37 ip-172-31-43-220 [eb-cfn-init]: 10550K .......... .......... .......... .......... .......... 40%  128M 0s
Jul 21 08:52:37 ip-172-31-43-220 [eb-cfn-init]: 10600K .......... .......... .......... .......... .......... 40%  100M 0s
Jul 21 08:52:37 ip-172-31-43-220 [eb-cfn-init]: 10650K .......... .......... .......... .......... .......... 40% 64.0M 0s
Jul 21 08:52:37 ip-172-31-43-220 [eb-cfn-init]: 10700K .......... .......... .......... .......... .......... 41% 34.4M 0s
Jul 21 08:52:37 ip-172-31-43-220 [eb-cfn-init]: 10750K .......... .......... .......... .......... .......... 41%  114M 0s
Jul 21 08:52:37 ip-172-31-43-220 [eb-cfn-init]: 10800K .......... .......... .......... .......... .......... 41%  122M 0s
Jul 21 08:52:37 ip-172-31-43-220 [eb-cfn-init]: 10850K .......... .......... .......... .......... .......... 41% 80.9M 0s
Jul 21 08:52:37 ip-172-31-43-220 [eb-cfn-init]: 10900K .......... .......... .......... .......... .......... 41%  116M 0s
Jul 21 08:52:37 ip-172-31-43-220 [eb-cfn-init]: 10950K .......... .......... .......... .......... .......... 42% 35.0M 0s
Jul 21 08:52:37 ip-172-31-43-220 [eb-cfn-init]: 11000K .......... .......... .......... .......... .......... 42%  128M 0s
Jul 21 08:52:37 ip-172-31-43-220 [eb-cfn-init]: 11050K .......... .......... .......... .......... .......... 42%  130M 0s
Jul 21 08:52:37 ip-172-31-43-220 [eb-cfn-init]: 11100K .......... .......... .......... .......... .......... 42%  115M 0s
Jul 21 08:52:37 ip-172-31-43-220 [eb-cfn-init]: 11150K .......... .......... .......... .......... .......... 42%  113M 0s
Jul 21 08:52:37 ip-172-31-43-220 [eb-cfn-init]: 11200K .......... .......... .......... .......... .......... 43%  101M 0s
Jul 21 08:52:37 ip-172-31-43-220 [eb-cfn-init]: 11250K .......... .......... .......... .......... .......... 43%  120M 0s
Jul 21 08:52:37 ip-172-31-43-220 [eb-cfn-init]: 11300K .......... .......... .......... .......... .......... 43% 82.5M 0s
Jul 21 08:52:37 ip-172-31-43-220 [eb-cfn-init]: 11350K .......... .......... .......... .......... .......... 43% 84.0M 0s
Jul 21 08:52:37 ip-172-31-43-220 [eb-cfn-init]: 11400K .......... .......... .......... .......... .......... 43% 38.8M 0s
Jul 21 08:52:37 ip-172-31-43-220 [eb-cfn-init]: 11450K .......... .......... .......... .......... .......... 43%  129M 0s
Jul 21 08:52:37 ip-172-31-43-220 [eb-cfn-init]: 11500K .......... .......... .......... .......... .......... 44% 93.7M 0s
Jul 21 08:52:37 ip-172-31-43-220 [eb-cfn-init]: 11550K .......... .......... .......... .......... .......... 44% 5.61M 0s
Jul 21 08:52:37 ip-172-31-43-220 [eb-cfn-init]: 11600K .......... .......... .......... .......... .......... 44%  114M 0s
Jul 21 08:52:37 ip-172-31-43-220 [eb-cfn-init]: 11650K .......... .......... .......... .......... .......... 44%  109M 0s
Jul 21 08:52:37 ip-172-31-43-220 [eb-cfn-init]: 11700K .......... .......... .......... .......... .......... 44%  113M 0s
Jul 21 08:52:37 ip-172-31-43-220 [eb-cfn-init]: 11750K .......... .......... .......... .......... .......... 45%  111M 0s
Jul 21 08:52:37 ip-172-31-43-220 [eb-cfn-init]: 11800K .......... .......... .......... .......... .......... 45%  131M 0s
Jul 21 08:52:37 ip-172-31-43-220 [eb-cfn-init]: 11850K .......... .......... .......... .......... .......... 45%  131M 0s
Jul 21 08:52:37 ip-172-31-43-220 [eb-cfn-init]: 11900K .......... .......... .......... .......... .......... 45%  129M 0s
Jul 21 08:52:37 ip-172-31-43-220 [eb-cfn-init]: 11950K .......... .......... .......... .......... .......... 45%  112M 0s
Jul 21 08:52:37 ip-172-31-43-220 [eb-cfn-init]: 12000K .......... .......... .......... .......... .......... 46%  115M 0s
Jul 21 08:52:37 ip-172-31-43-220 [eb-cfn-init]: 12050K .......... .......... .......... .......... .......... 46%  114M 0s
Jul 21 08:52:37 ip-172-31-43-220 [eb-cfn-init]: 12100K .......... .......... .......... .......... .......... 46%  100M 0s
Jul 21 08:52:37 ip-172-31-43-220 [eb-cfn-init]: 12150K .......... .......... .......... .......... .......... 46% 84.6M 0s
Jul 21 08:52:37 ip-172-31-43-220 [eb-cfn-init]: 12200K .......... .......... .......... .......... .......... 46%  108M 0s
Jul 21 08:52:37 ip-172-31-43-220 [eb-cfn-init]: 12250K .......... .......... .......... .......... .......... 47%  106M 0s
Jul 21 08:52:37 ip-172-31-43-220 [eb-cfn-init]: 12300K .......... .......... .......... .......... .......... 47%  128M 0s
Jul 21 08:52:37 ip-172-31-43-220 [eb-cfn-init]: 12350K .......... .......... .......... .......... .......... 47%  115M 0s
Jul 21 08:52:37 ip-172-31-43-220 [eb-cfn-init]: 12400K .......... .......... .......... .......... .......... 47%  129M 0s
Jul 21 08:52:37 ip-172-31-43-220 [eb-cfn-init]: 12450K .......... .......... .......... .......... .......... 47%  122M 0s
Jul 21 08:52:37 ip-172-31-43-220 [eb-cfn-init]: 12500K .......... .......... .......... .......... .......... 48%  120M 0s
Jul 21 08:52:37 ip-172-31-43-220 [eb-cfn-init]: 12550K .......... .......... .......... .......... .......... 48%  111M 0s
Jul 21 08:52:37 ip-172-31-43-220 [eb-cfn-init]: 12600K .......... .......... .......... .......... .......... 48%  125M 0s
Jul 21 08:52:37 ip-172-31-43-220 [eb-cfn-init]: 12650K .......... .......... .......... .......... .......... 48%  131M 0s
Jul 21 08:52:37 ip-172-31-43-220 [eb-cfn-init]: 12700K .......... .......... .......... .......... .......... 48%  124M 0s
Jul 21 08:52:37 ip-172-31-43-220 [eb-cfn-init]: 12750K .......... .......... .......... .......... .......... 48%  115M 0s
Jul 21 08:52:37 ip-172-31-43-220 [eb-cfn-init]: 12800K .......... .......... .......... .......... .......... 49%  104M 0s
Jul 21 08:52:37 ip-172-31-43-220 [eb-cfn-init]: 12850K .......... .......... .......... .......... .......... 49% 30.7M 0s
Jul 21 08:52:37 ip-172-31-43-220 [eb-cfn-init]: 12900K .......... .......... .......... .......... .......... 49%  131M 0s
Jul 21 08:52:37 ip-172-31-43-220 [eb-cfn-init]: 12950K .......... .......... .......... .......... .......... 49%  110M 0s
Jul 21 08:52:37 ip-172-31-43-220 [eb-cfn-init]: 13000K .......... .......... .......... .......... .......... 49% 83.7M 0s
Jul 21 08:52:37 ip-172-31-43-220 [eb-cfn-init]: 13050K .......... .......... .......... .......... .......... 50%  129M 0s
Jul 21 08:52:37 ip-172-31-43-220 [eb-cfn-init]: 13100K .......... .......... .......... .......... .......... 50%  113M 0s
Jul 21 08:52:37 ip-172-31-43-220 [eb-cfn-init]: 13150K .......... .......... .......... .......... .......... 50% 64.3M 0s
Jul 21 08:52:37 ip-172-31-43-220 chronyd[2504]: System clock was stepped by -0.079502 seconds
Jul 21 08:52:37 ip-172-31-43-220 systemd: Time has been changed
Jul 21 08:52:37 ip-172-31-43-220 [eb-cfn-init]: 13200K .......... .......... .......... .......... .......... 50%  106M 0s
Jul 21 08:52:37 ip-172-31-43-220 [eb-cfn-init]: 13250K .......... .......... .......... .......... .......... 50% 6.48M 0s
